Component: ARM Compiler 5.06 update 6 (build 750) Tool: armlink [4d35ed]

==============================================================================

Section Cross References

    startup_stm32f030x6.o(RESET) refers to startup_stm32f030x6.o(STACK) for __initial_sp
    startup_stm32f030x6.o(RESET) refers to startup_stm32f030x6.o(.text) for Reset_Handler
    startup_stm32f030x6.o(RESET) refers to stm32f0xx_it.o(i.NMI_Handler) for NMI_Handler
    startup_stm32f030x6.o(RESET) refers to stm32f0xx_it.o(i.HardFault_Handler) for HardFault_Handler
    startup_stm32f030x6.o(RESET) refers to stm32f0xx_it.o(i.SVC_Handler) for SVC_Handler
    startup_stm32f030x6.o(RESET) refers to stm32f0xx_it.o(i.PendSV_Handler) for PendSV_Handler
    startup_stm32f030x6.o(RESET) refers to stm32f0xx_it.o(i.SysTick_Handler) for SysTick_Handler
    startup_stm32f030x6.o(RESET) refers to stm32f0xx_it.o(i.EXTI0_1_IRQHandler) for EXTI0_1_IRQHandler
    startup_stm32f030x6.o(RESET) refers to stm32f0xx_it.o(i.EXTI2_3_IRQHandler) for EXTI2_3_IRQHandler
    startup_stm32f030x6.o(RESET) refers to stm32f0xx_it.o(i.DMA1_Channel1_IRQHandler) for DMA1_Channel1_IRQHandler
    startup_stm32f030x6.o(RESET) refers to stm32f0xx_it.o(i.ADC1_IRQHandler) for ADC1_IRQHandler
    startup_stm32f030x6.o(RESET) refers to stm32f0xx_it.o(i.I2C1_IRQHandler) for I2C1_IRQHandler
    startup_stm32f030x6.o(RESET) refers to stm32f0xx_it.o(i.USART1_IRQHandler) for USART1_IRQHandler
    startup_stm32f030x6.o(.text) refers to system_stm32f0xx.o(i.SystemInit) for SystemInit
    startup_stm32f030x6.o(.text) refers to entry.o(.ARM.Collect$$$$00000000) for __main
    stm32f0xx_hal_msp.o(i.HAL_ADC_MspDeInit) refers to stm32f0xx_hal_gpio.o(i.HAL_GPIO_DeInit) for HAL_GPIO_DeInit
    stm32f0xx_hal_msp.o(i.HAL_ADC_MspDeInit) refers to stm32f0xx_hal_dma.o(i.HAL_DMA_DeInit) for HAL_DMA_DeInit
    stm32f0xx_hal_msp.o(i.HAL_ADC_MspDeInit) refers to stm32f0xx_hal_cortex.o(i.HAL_NVIC_DisableIRQ) for HAL_NVIC_DisableIRQ
    stm32f0xx_hal_msp.o(i.HAL_ADC_MspInit) refers to stm32f0xx_hal_gpio.o(i.HAL_GPIO_Init) for HAL_GPIO_Init
    stm32f0xx_hal_msp.o(i.HAL_ADC_MspInit) refers to stm32f0xx_hal_dma.o(i.HAL_DMA_Init) for HAL_DMA_Init
    stm32f0xx_hal_msp.o(i.HAL_ADC_MspInit) refers to main.o(i._Error_Handler) for _Error_Handler
    stm32f0xx_hal_msp.o(i.HAL_ADC_MspInit) refers to stm32f0xx_hal_cortex.o(i.HAL_NVIC_SetPriority) for HAL_NVIC_SetPriority
    stm32f0xx_hal_msp.o(i.HAL_ADC_MspInit) refers to stm32f0xx_hal_cortex.o(i.HAL_NVIC_EnableIRQ) for HAL_NVIC_EnableIRQ
    stm32f0xx_hal_msp.o(i.HAL_ADC_MspInit) refers to main.o(.bss) for hdma_adc
    stm32f0xx_hal_msp.o(i.HAL_I2C_MspDeInit) refers to stm32f0xx_hal_gpio.o(i.HAL_GPIO_DeInit) for HAL_GPIO_DeInit
    stm32f0xx_hal_msp.o(i.HAL_I2C_MspDeInit) refers to stm32f0xx_hal_cortex.o(i.HAL_NVIC_DisableIRQ) for HAL_NVIC_DisableIRQ
    stm32f0xx_hal_msp.o(i.HAL_I2C_MspInit) refers to stm32f0xx_hal_gpio.o(i.HAL_GPIO_Init) for HAL_GPIO_Init
    stm32f0xx_hal_msp.o(i.HAL_MspInit) refers to stm32f0xx_hal_cortex.o(i.HAL_NVIC_SetPriority) for HAL_NVIC_SetPriority
    stm32f0xx_hal_msp.o(i.HAL_UART_MspDeInit) refers to stm32f0xx_hal_gpio.o(i.HAL_GPIO_DeInit) for HAL_GPIO_DeInit
    stm32f0xx_hal_msp.o(i.HAL_UART_MspDeInit) refers to stm32f0xx_hal_cortex.o(i.HAL_NVIC_DisableIRQ) for HAL_NVIC_DisableIRQ
    stm32f0xx_hal_msp.o(i.HAL_UART_MspInit) refers to stm32f0xx_hal_gpio.o(i.HAL_GPIO_Init) for HAL_GPIO_Init
    main.o(i.BatteryLow) refers to stm32f0xx_hal.o(i.HAL_Delay) for HAL_Delay
    main.o(i.BatteryPack_Current) refers to main.o(.bss) for ADC_Results
    main.o(i.BatteryPack_Current_Filtered) refers to main.o(.bss) for BatteryPack_Current__Filtered
    main.o(i.BatteryPack_Current_Filtered_Result) refers to main.o(i.BatteryPack_Current_Filtered) for BatteryPack_Current_Filtered
    main.o(i.BatteryPack_Current_Filtered_Result) refers to main.o(.bss) for ADC_Filtered_Results
    main.o(i.BatteryPack_Temperatue_Filtered) refers to main.o(.bss) for BatteryPack_Temperature__Filtered
    main.o(i.BatteryPack_Temperature) refers to main.o(.bss) for ADC_Results
    main.o(i.BatteryPack_Temperature_Filtered_Result) refers to main.o(i.BatteryPack_Temperatue_Filtered) for BatteryPack_Temperatue_Filtered
    main.o(i.BatteryPack_Temperature_Filtered_Result) refers to main.o(.bss) for ADC_Filtered_Results
    main.o(i.BatteryPack_Voltage) refers to main.o(.bss) for ADC_Results
    main.o(i.BatteryPack_Voltage_Filtered) refers to main.o(.bss) for BatteryPack_Voltage__Filtered
    main.o(i.BatteryPack_Voltage_Filtered_Result) refers to main.o(i.BatteryPack_Voltage_Filtered) for BatteryPack_Voltage_Filtered
    main.o(i.BatteryPack_Voltage_Filtered_Result) refers to main.o(.bss) for ADC_Filtered_Results
    main.o(i.Battery_Voltage) refers to main.o(.bss) for ADC_Results
    main.o(i.Battery_Voltage_Filtered) refers to main.o(.bss) for Battery_Voltage__Filtered
[...]
    Removing stm32f0xx_hal_adc.o(.rev16_text), (4 bytes).
    Removing stm32f0xx_hal_adc.o(.revsh_text), (4 bytes).
    Removing stm32f0xx_hal_adc.o(i.HAL_ADC_AnalogWDGConfig), (212 bytes).
    Removing stm32f0xx_hal_adc.o(i.HAL_ADC_DeInit), (184 bytes).
    Removing stm32f0xx_hal_adc.o(i.HAL_ADC_GetError), (6 bytes).
    Removing stm32f0xx_hal_adc.o(i.HAL_ADC_GetState), (6 bytes).
    Removing stm32f0xx_hal_adc.o(i.HAL_ADC_GetValue), (8 bytes).
    Removing stm32f0xx_hal_adc.o(i.HAL_ADC_MspDeInit), (2 bytes).
    Removing stm32f0xx_hal_adc.o(i.HAL_ADC_MspInit), (2 bytes).
    Removing stm32f0xx_hal_adc.o(i.HAL_ADC_PollForConversion), (228 bytes).
    Removing stm32f0xx_hal_adc.o(i.HAL_ADC_PollForEvent), (138 bytes).
    Removing stm32f0xx_hal_adc.o(i.HAL_ADC_Start), (120 bytes).
    Removing stm32f0xx_hal_adc.o(i.HAL_ADC_Start_IT), (168 bytes).
    Removing stm32f0xx_hal_adc.o(i.HAL_ADC_Stop), (80 bytes).
    Removing stm32f0xx_hal_adc.o(i.HAL_ADC_Stop_IT), (92 bytes).
    Removing stm32f0xx_hal_adc_ex.o(.rev16_text), (4 bytes).
    Removing stm32f0xx_hal_adc_ex.o(.revsh_text), (4 bytes).
    Removing stm32f0xx_hal_adc_ex.o(i.HAL_ADCEx_Calibration_Start), (228 bytes).
    Removing stm32f0xx_hal_cortex.o(.rev16_text), (4 bytes).
    Removing stm32f0xx_hal_cortex.o(.revsh_text), (4 bytes).
    Removing stm32f0xx_hal_cortex.o(i.HAL_NVIC_ClearPendingIRQ), (24 bytes).
    Removing stm32f0xx_hal_cortex.o(i.HAL_NVIC_DisableIRQ), (24 bytes).
    Removing stm32f0xx_hal_cortex.o(i.HAL_NVIC_GetPendingIRQ), (40 bytes).
    Removing stm32f0xx_hal_cortex.o(i.HAL_NVIC_GetPriority), (72 bytes).
    Removing stm32f0xx_hal_cortex.o(i.HAL_NVIC_SetPendingIRQ), (24 bytes).
    Removing stm32f0xx_hal_cortex.o(i.HAL_NVIC_SystemReset), (56 bytes).
    Removing stm32f0xx_hal_cortex.o(i.HAL_SYSTICK_Callback), (2 bytes).
    Removing stm32f0xx_hal_rcc.o(.rev16_text), (4 bytes).
    Removing stm32f0xx_hal_rcc.o(.revsh_text), (4 bytes).
    Removing stm32f0xx_hal_rcc.o(i.HAL_RCC_CSSCallback), (2 bytes).
    Removing stm32f0xx_hal_rcc.o(i.HAL_RCC_DeInit), (88 bytes).
    Removing stm32f0xx_hal_rcc.o(i.HAL_RCC_DisableCSS), (20 bytes).
    Removing stm32f0xx_hal_rcc.o(i.HAL_RCC_EnableCSS), (20 bytes).
    Removing stm32f0xx_hal_rcc.o(i.HAL_RCC_GetClockConfig), (56 bytes).
    Removing stm32f0xx_hal_rcc.o(i.HAL_RCC_GetOscConfig), (244 bytes).
    Removing stm32f0xx_hal_rcc.o(i.HAL_RCC_MCOConfig), (104 bytes).
    Removing stm32f0xx_hal_rcc.o(i.HAL_RCC_NMI_IRQHandler), (32 bytes).
    Removing stm32f0xx_hal_rcc_ex.o(.rev16_text), (4 bytes).
    Removing stm32f0xx_hal_rcc_ex.o(.revsh_text), (4 bytes).
    Removing stm32f0xx_hal_rcc_ex.o(i.HAL_RCCEx_GetPeriphCLKConfig), (48 bytes).
    Removing stm32f0xx_hal_rcc_ex.o(i.HAL_RCCEx_GetPeriphCLKFreq), (248 bytes).
    Removing stm32f0xx_hal_flash.o(.rev16_text), (4 bytes).
    Removing stm32f0xx_hal_flash.o(.revsh_text), (4 bytes).
    Removing stm32f0xx_hal_flash.o(i.FLASH_Program_HalfWord), (32 bytes).
    Removing stm32f0xx_hal_flash.o(i.FLASH_SetErrorCode), (72 bytes).
    Removing stm32f0xx_hal_flash.o(i.FLASH_WaitForLastOperation), (104 bytes).
    Removing stm32f0xx_hal_flash.o(i.HAL_FLASH_EndOfOperationCallback), (2 bytes).
    Removing stm32f0xx_hal_flash.o(i.HAL_FLASH_GetError), (12 bytes).
    Removing stm32f0xx_hal_flash.o(i.HAL_FLASH_IRQHandler), (396 bytes).
    Removing stm32f0xx_hal_flash.o(i.HAL_FLASH_Lock), (20 bytes).
    Removing stm32f0xx_hal_flash.o(i.HAL_FLASH_OB_Launch), (32 bytes).
    Removing stm32f0xx_hal_flash.o(i.HAL_FLASH_OB_Lock), (24 bytes).
    Removing stm32f0xx_hal_flash.o(i.HAL_FLASH_OB_Unlock), (48 bytes).
    Removing stm32f0xx_hal_flash.o(i.HAL_FLASH_OperationErrorCallback), (2 bytes).
    Removing stm32f0xx_hal_flash.o(i.HAL_FLASH_Program), (188 bytes).
    Removing stm32f0xx_hal_flash.o(i.HAL_FLASH_Program_IT), (120 bytes).
    Removing stm32f0xx_hal_flash.o(i.HAL_FLASH_Unlock), (52 bytes).
    Removing stm32f0xx_hal_flash.o(.bss), (32 bytes).
    Removing system_stm32f0xx.o(.rev16_text), (4 bytes).
    Removing system_stm32f0xx.o(.revsh_text), (4 bytes).
    Removing system_stm32f0xx.o(i.SystemCoreClockUpdate), (176 bytes).
    Removing dadd.o(.text), (356 bytes).
    Removing ddiv.o(.text), (240 bytes).
    Removing dfixul.o(.text), (64 bytes).
    Removing cdrcmple.o(.text), (40 bytes).

249 unused section(s) (total 19404 bytes) removed from the image.

==============================================================================

Image Symbol Table

    Local Symbols

    Symbol Name                              Value     Ov Type        Size  Object(Section)

    ..//Src/system_stm32f0xx.c               0x00000000   Number         0  system_stm32f0xx.o ABSOLUTE
    ../Drivers/STM32F0xx_HAL_Driver/Src/stm32f0xx_hal.c 0x00000000   Number         0  stm32f0xx_hal.o ABSOLUTE
    ../Drivers/STM32F0xx_HAL_Driver/Src/stm32f0xx_hal_adc.c 0x00000000   Number         0  stm32f0xx_hal_adc.o ABSOLUTE
    ../Drivers/STM32F0xx_HAL_Driver/Src/stm32f0xx_hal_adc_ex.c 0x00000000   Number         0  stm32f0xx_hal_adc_ex.o ABSOLUTE
    ../Drivers/STM32F0xx_HAL_Driver/Src/stm32f0xx_hal_cortex.c 0x00000000   Number         0  stm32f0xx_hal_cortex.o ABSOLUTE
    ../Drivers/STM32F0xx_HAL_Driver/Src/stm32f0xx_hal_dma.c 0x00000000   Number         0  stm32f0xx_hal_dma.o ABSOLUTE
    ../Drivers/STM32F0xx_HAL_Driver/Src/stm32f0xx_hal_flash.c 0x00000000   Number         0  stm32f0xx_hal_flash.o ABSOLUTE
    ../Drivers/STM32F0xx_HAL_Driver/Src/stm32f0xx_hal_flash_ex.c 0x00000000   Number         0  stm32f0xx_hal_flash_ex.o ABSOLUTE
    ../Drivers/STM32F0xx_HAL_Driver/Src/stm32f0xx_hal_gpio.c 0x00000000   Number         0  stm32f0xx_hal_gpio.o ABSOLUTE
    ../Drivers/STM32F0xx_HAL_Driver/Src/stm32f0xx_hal_i2c.c 0x00000000   Number         0  stm32f0xx_hal_i2c.o ABSOLUTE
    ../Drivers/STM32F0xx_HAL_Driver/Src/stm32f0xx_hal_i2c_ex.c 0x00000000   Number         0  stm32f0xx_hal_i2c_ex.o ABSOLUTE
    ../Drivers/STM32F0xx_HAL_Driver/Src/stm32f0xx_hal_pwr.c 0x00000000   Number         0  stm32f0xx_hal_pwr.o ABSOLUTE
    ../Drivers/STM32F0xx_HAL_Driver/Src/stm32f0xx_hal_pwr_ex.c 0x00000000   Number         0  stm32f0xx_hal_pwr_ex.o ABSOLUTE
    ../Drivers/STM32F0xx_HAL_Driver/Src/stm32f0xx_hal_rcc.c 0x00000000   Number         0  stm32f0xx_hal_rcc.o ABSOLUTE
    ../Drivers/STM32F0xx_HAL_Driver/Src/stm32f0xx_hal_rcc_ex.c 0x00000000   Number         0  stm32f0xx_hal_rcc_ex.o ABSOLUTE
    ../Drivers/STM32F0xx_HAL_Driver/Src/stm32f0xx_hal_tim.c 0x00000000   Number         0  stm32f0xx_hal_tim.o ABSOLUTE
    ../Drivers/STM32F0xx_HAL_Driver/Src/stm32f0xx_hal_tim_ex.c 0x00000000   Number         0  stm32f0xx_hal_tim_ex.o ABSOLUTE
    ../Drivers/STM32F0xx_HAL_Driver/Src/stm32f0xx_hal_uart.c 0x00000000   Number         0  stm32f0xx_hal_uart.o ABSOLUTE
    ../Drivers/STM32F0xx_HAL_Driver/Src/stm32f0xx_hal_uart_ex.c 0x00000000   Number         0  stm32f0xx_hal_uart_ex.o ABSOLUTE
    ../Src/main.c                            0x00000000   Number         0  main.o ABSOLUTE
    ../Src/stm32f0xx_hal_msp.c               0x00000000   Number         0  stm32f0xx_hal_msp.o ABSOLUTE
    ../Src/stm32f0xx_it.c                    0x00000000   Number         0  stm32f0xx_it.o ABSOLUTE
    ../clib/microlib/division.c              0x00000000   Number         0  uldiv.o ABSOLUTE
    ../clib/microlib/division.c              0x00000000   Number         0  uidiv.o ABSOLUTE
    ../clib/microlib/init/entry.s            0x00000000   Number         0  entry10a.o ABSOLUTE
    ../clib/microlib/init/entry.s            0x00000000   Number         0  entry2.o ABSOLUTE
    ../clib/microlib/init/entry.s            0x00000000   Number         0  entry10b.o ABSOLUTE
    ../clib/microlib/init/entry.s            0x00000000   Number         0  entry11a.o ABSOLUTE
    ../clib/microlib/init/entry.s            0x00000000   Number         0  entry11b.o ABSOLUTE
    ../clib/microlib/init/entry.s            0x00000000   Number         0  entry5.o ABSOLUTE
    ../clib/microlib/init/entry.s            0x00000000   Number         0  entry7a.o ABSOLUTE
    ../clib/microlib/init/entry.s            0x00000000   Number         0  entry7b.o ABSOLUTE
    ../clib/microlib/init/entry.s            0x00000000   Number         0  entry8a.o ABSOLUTE
    ../clib/microlib/init/entry.s            0x00000000   Number         0  entry8b.o ABSOLUTE
    ../clib/microlib/init/entry.s            0x00000000   Number         0  entry.o ABSOLUTE
    ../clib/microlib/init/entry.s            0x00000000   Number         0  entry9a.o ABSOLUTE
    ../clib/microlib/init/entry.s            0x00000000   Number         0  entry9b.o ABSOLUTE
    ../clib/microlib/longlong.c              0x00000000   Number         0  llsshr.o ABSOLUTE
    ../clib/microlib/longlong.c              0x00000000   Number         0  llshl.o ABSOLUTE
    ../clib/microlib/longlong.c              0x00000000   Number         0  llushr.o ABSOLUTE
    ../clib/microlib/printf/printf.c         0x00000000   Number         0  printf3.o ABSOLUTE
    ../clib/microlib/printf/printf.c         0x00000000   Number         0  printfa.o ABSOLUTE
    ../clib/microlib/printf/printf.c         0x00000000   Number         0  printf8.o ABSOLUTE
    ../clib/microlib/printf/printf.c         0x00000000   Number         0  printf7.o ABSOLUTE
    ../clib/microlib/printf/printf.c         0x00000000   Number         0  printf5.o ABSOLUTE
    ../clib/microlib/printf/printf.c         0x00000000   Number         0  printf4.o ABSOLUTE
    ../clib/microlib/printf/printf.c         0x00000000   Number         0  printf6.o ABSOLUTE
    ../clib/microlib/printf/printf.c         0x00000000   Number         0  printfb.o ABSOLUTE
    ../clib/microlib/printf/printf.c         0x00000000   Number         0  printf0.o ABSOLUTE
    ../clib/microlib/printf/printf.c         0x00000000   Number         0  printf1.o ABSOLUTE
    ../clib/microlib/printf/printf.c         0x00000000   Number         0  printf2.o ABSOLUTE
    ../clib/microlib/printf/stubs.s          0x00000000   Number         0  stubs.o ABSOLUTE
    ../clib/microlib/stdio/fputc.c           0x00000000   Number         0  fputc.o ABSOLUTE
    ../clib/microlib/stdio/semi.s            0x00000000   Number         0  semi.o ABSOLUTE
    ../clib/microlib/stdio/streams.c         0x00000000   Number         0  stdout.o ABSOLUTE
    ../clib/microlib/stubs.s                 0x00000000   Number         0  iusesemip.o ABSOLUTE
    ../clib/microlib/stubs.s                 0x00000000   Number         0  iusefp.o ABSOLUTE
    ../fplib/microlib/fpadd.c                0x00000000   Number         0  dadd.o ABSOLUTE
    ../fplib/microlib/fpdiv.c                0x00000000   Number         0  ddiv.o ABSOLUTE
    ../fplib/microlib/fpepilogue.c           0x00000000   Number         0  depilogue.o ABSOLUTE
    ../fplib/microlib/fpfix.c                0x00000000   Number         0  dfixui.o ABSOLUTE
    ../fplib/microlib/fpfix.c                0x00000000   Number         0  dfixul.o ABSOLUTE
    ../fplib/microlib/fpflt.c                0x00000000   Number         0  dflti.o ABSOLUTE
    ../fplib/microlib/fpmul.c                0x00000000   Number         0  dmul.o ABSOLUTE
    ..\Drivers\STM32F0xx_HAL_Driver\Src\stm32f0xx_hal.c 0x00000000   Number         0  stm32f0xx_hal.o ABSOLUTE
    ..\Drivers\STM32F0xx_HAL_Driver\Src\stm32f0xx_hal_adc.c 0x00000000   Number         0  stm32f0xx_hal_adc.o ABSOLUTE
    ..\Drivers\STM32F0xx_HAL_Driver\Src\stm32f0xx_hal_adc_ex.c 0x00000000   Number         0  stm32f0xx_hal_adc_ex.o ABSOLUTE
    ..\Drivers\STM32F0xx_HAL_Driver\Src\stm32f0xx_hal_cortex.c 0x00000000   Number         0  stm32f0xx_hal_cortex.o ABSOLUTE
    ..\Drivers\STM32F0xx_HAL_Driver\Src\stm32f0xx_hal_dma.c 0x00000000   Number         0  stm32f0xx_hal_dma.o ABSOLUTE
    ..\Drivers\STM32F0xx_HAL_Driver\Src\stm32f0xx_hal_flash.c 0x00000000   Number         0  stm32f0xx_hal_flash.o ABSOLUTE
    ..\Drivers\STM32F0xx_HAL_Driver\Src\stm32f0xx_hal_flash_ex.c 0x00000000   Number         0  stm32f0xx_hal_flash_ex.o ABSOLUTE
    ..\Drivers\STM32F0xx_HAL_Driver\Src\stm32f0xx_hal_gpio.c 0x00000000   Number         0  stm32f0xx_hal_gpio.o ABSOLUTE
    ..\Drivers\STM32F0xx_HAL_Driver\Src\stm32f0xx_hal_i2c.c 0x00000000   Number         0  stm32f0xx_hal_i2c.o ABSOLUTE
    ..\Drivers\STM32F0xx_HAL_Driver\Src\stm32f0xx_hal_i2c_ex.c 0x00000000   Number         0  stm32f0xx_hal_i2c_ex.o ABSOLUTE
    ..\Drivers\STM32F0xx_HAL_Driver\Src\stm32f0xx_hal_pwr.c 0x00000000   Number         0  stm32f0xx_hal_pwr.o ABSOLUTE
    ..\Drivers\STM32F0xx_HAL_Driver\Src\stm32f0xx_hal_pwr_ex.c 0x00000000   Number         0  stm32f0xx_hal_pwr_ex.o ABSOLUTE
    ..\Drivers\STM32F0xx_HAL_Driver\Src\stm32f0xx_hal_rcc.c 0x00000000   Number         0  stm32f0xx_hal_rcc.o ABSOLUTE
    ..\Drivers\STM32F0xx_HAL_Driver\Src\stm32f0xx_hal_rcc_ex.c 0x00000000   Number         0  stm32f0xx_hal_rcc_ex.o ABSOLUTE
    ..\Drivers\STM32F0xx_HAL_Driver\Src\stm32f0xx_hal_tim.c 0x00000000   Number         0  stm32f0xx_hal_tim.o ABSOLUTE
    ..\Drivers\STM32F0xx_HAL_Driver\Src\stm32f0xx_hal_tim_ex.c 0x00000000   Number         0  stm32f0xx_hal_tim_ex.o ABSOLUTE
    ..\Drivers\STM32F0xx_HAL_Driver\Src\stm32f0xx_hal_uart.c 0x00000000   Number         0  stm32f0xx_hal_uart.o ABSOLUTE
    ..\Drivers\STM32F0xx_HAL_Driver\Src\stm32f0xx_hal_uart_ex.c 0x00000000   Number         0  stm32f0xx_hal_uart_ex.o ABSOLUTE
    ..\Src\LPF.c                             0x00000000   Number         0  lpf.o ABSOLUTE
    ..\Src\PCF8563.c                         0x00000000   Number         0  pcf8563.o ABSOLUTE
    ..\Src\STM32R_SignalMainSwitch.c         0x00000000   Number         0  stm32r_signalmainswitch.o ABSOLUTE
    ..\Src\main.c                            0x00000000   Number         0  main.o ABSOLUTE
    ..\Src\stm32f0xx_hal_msp.c               0x00000000   Number         0  stm32f0xx_hal_msp.o ABSOLUTE
    ..\Src\stm32f0xx_it.c                    0x00000000   Number         0  stm32f0xx_it.o ABSOLUTE
    ..\\Src\\PCF8563.c                       0x00000000   Number         0  pcf8563.o ABSOLUTE
    ..\\Src\\STM32R_SignalMainSwitch.c       0x00000000   Number         0  stm32r_signalmainswitch.o ABSOLUTE
    ..\\Src\system_stm32f0xx.c               0x00000000   Number         0  system_stm32f0xx.o ABSOLUTE
    cdrcmple.s                               0x00000000   Number         0  cdrcmple.o ABSOLUTE
    dc.s                                     0x00000000   Number         0  dc.o ABSOLUTE
    handlers.s                               0x00000000   Number         0  handlers.o ABSOLUTE
    init.s                                   0x00000000   Number         0  init.o ABSOLUTE
    startup_stm32f030x6.s                    0x00000000   Number         0  startup_stm32f030x6.o ABSOLUTE
    RESET                                    0x08000000   Section      176  startup_stm32f030x6.o(RESET)
    .ARM.Collect$$$$00000000                 0x080000b0   Section        0  entry.o(.ARM.Collect$$$$00000000)
    .ARM.Collect$$$$00000001                 0x080000b0   Section        4  entry2.o(.ARM.Collect$$$$00000001)
    .ARM.Collect$$$$00000004                 0x080000b4   Section        4  entry5.o(.ARM.Collect$$$$00000004)
    .ARM.Collect$$$$00000008                 0x080000b8   Section        0  entry7b.o(.ARM.Collect$$$$00000008)
    .ARM.Collect$$$$0000000A                 0x080000b8   Section        0  entry8b.o(.ARM.Collect$$$$0000000A)
    .ARM.Collect$$$$0000000B                 0x080000b8   Section        8  entry9a.o(.ARM.Collect$$$$0000000B)
    .ARM.Collect$$$$0000000D                 0x080000c0   Section        0  entry10a.o(.ARM.Collect$$$$0000000D)
    .ARM.Collect$$$$0000000F                 0x080000c0   Section        0  entry11a.o(.ARM.Collect$$$$0000000F)
    .ARM.Collect$$$$00002712                 0x080000c0   Section        4  entry2.o(.ARM.Collect$$$$00002712)
    __lit__00000000                          0x080000c0   Data           4  entry2.o(.ARM.Collect$$$$00002712)
    .text                                    0x080000c4   Section       28  startup_stm32f030x6.o(.text)
    .text                                    0x080000e0   Section        0  uidiv.o(.text)
    .text                                    0x0800010c   Section        0  llushr.o(.text)
    .text                                    0x08000130   Section        0  dmul.o(.text)
    .text                                    0x08000200   Section        0  dflti.o(.text)
    .text                                    0x08000228   Section        0  dfixui.o(.text)
    .text                                    0x08000264   Section        0  iusefp.o(.text)
    .text                                    0x08000264   Section        0  depilogue.o(.text)
    .text                                    0x08000324   Section       36  init.o(.text)
    .text                                    0x08000348   Section        0  llshl.o(.text)
    i.ADC1_IRQHandler                        0x08000368   Section        0  stm32f0xx_it.o(i.ADC1_IRQHandler)
    i.ADC_ConversionStop                     0x08000378   Section        0  stm32f0xx_hal_adc.o(i.ADC_ConversionStop)
    ADC_ConversionStop                       0x08000379   Thumb Code   108  stm32f0xx_hal_adc.o(i.ADC_ConversionStop)
    i.ADC_DMAConvCplt                        0x080003e4   Section        0  stm32f0xx_hal_adc.o(i.ADC_DMAConvCplt)
    ADC_DMAConvCplt                          0x080003e5   Thumb Code   134  stm32f0xx_hal_adc.o(i.ADC_DMAConvCplt)
    i.ADC_DMAError                           0x0800046a   Section        0  stm32f0xx_hal_adc.o(i.ADC_DMAError)
    ADC_DMAError                             0x0800046b   Thumb Code    30  stm32f0xx_hal_adc.o(i.ADC_DMAError)
    i.ADC_DMAHalfConvCplt                    0x08000488   Section        0  stm32f0xx_hal_adc.o(i.ADC_DMAHalfConvCplt)
    ADC_DMAHalfConvCplt                      0x08000489   Thumb Code    14  stm32f0xx_hal_adc.o(i.ADC_DMAHalfConvCplt)
    i.ADC_Disable                            0x08000496   Section        0  stm32f0xx_hal_adc.o(i.ADC_Disable)
    ADC_Disable                              0x08000497   Thumb Code   170  stm32f0xx_hal_adc.o(i.ADC_Disable)
    i.ADC_Enable                             0x08000540   Section        0  stm32f0xx_hal_adc.o(i.ADC_Enable)
    ADC_Enable                               0x08000541   Thumb Code   198  stm32f0xx_hal_adc.o(i.ADC_Enable)
    i.BatteryLow                             0x08000614   Section        0  main.o(i.BatteryLow)
    BatteryLow                               0x08000615   Thumb Code    50  main.o(i.BatteryLow)
    i.BatteryPack_Current                    0x0800064c   Section        0  main.o(i.BatteryPack_Current)
    i.BatteryPack_Current_Filtered           0x08000658   Section        0  main.o(i.BatteryPack_Current_Filtered)
    i.BatteryPack_Current_Filtered_Result    0x08000664   Section        0  main.o(i.BatteryPack_Current_Filtered_Result)
    i.BatteryPack_Temperatue_Filtered        0x08000694   Section        0  main.o(i.BatteryPack_Temperatue_Filtered)
    i.BatteryPack_Temperature                0x080006a0   Section        0  main.o(i.BatteryPack_Temperature)
    i.BatteryPack_Temperature_Filtered_Result 0x080006ac   Section        0  main.o(i.BatteryPack_Temperature_Filtered_Result)
    i.BatteryPack_Voltage                    0x080006c8   Section        0  main.o(i.BatteryPack_Voltage)
    i.BatteryPack_Voltage_Filtered           0x080006d4   Section        0  main.o(i.BatteryPack_Voltage_Filtered)
    i.BatteryPack_Voltage_Filtered_Result    0x080006e0   Section        0  main.o(i.BatteryPack_Voltage_Filtered_Result)
    i.Battery_Voltage                        0x08000704   Section        0  main.o(i.Battery_Voltage)
    i.Battery_Voltage_Filtered               0x08000710   Section        0  main.o(i.Battery_Voltage_Filtered)
    i.Battery_Voltage_Filtered_Result        0x0800071c   Section        0  main.o(i.Battery_Voltage_Filtered_Result)
    i.ChargerVoltage                         0x0800075c   Section        0  main.o(i.ChargerVoltage)
    i.ChargerVoltage_Filtered                0x08000768   Section        0  main.o(i.ChargerVoltage_Filtered)
    i.ChargerVoltage_Filtered_Result         0x08000774   Section        0  main.o(i.ChargerVoltage_Filtered_Result)
    i.Charging                               0x08000790   Section        0  main.o(i.Charging)
    Charging                                 0x08000791   Thumb Code   148  main.o(i.Charging)
    i.DMA1_Channel1_IRQHandler               0x08000834   Section        0  stm32f0xx_it.o(i.DMA1_Channel1_IRQHandler)
    i.DMA_CalcBaseAndBitshift                0x08000844   Section        0  stm32f0xx_hal_dma.o(i.DMA_CalcBaseAndBitshift)
    DMA_CalcBaseAndBitshift                  0x08000845   Thumb Code    28  stm32f0xx_hal_dma.o(i.DMA_CalcBaseAndBitshift)
    i.DMA_SetConfig                          0x08000864   Section        0  stm32f0xx_hal_dma.o(i.DMA_SetConfig)
    DMA_SetConfig                            0x08000865   Thumb Code    42  stm32f0xx_hal_dma.o(i.DMA_SetConfig)
    i.EXTI0_1_IRQHandler                     0x0800088e   Section        0  stm32f0xx_it.o(i.EXTI0_1_IRQHandler)
    i.EXTI2_3_IRQHandler                     0x0800089e   Section        0  stm32f0xx_it.o(i.EXTI2_3_IRQHandler)
    i.HAL_ADC_ConfigChannel                  0x080008a8   Section        0  stm32f0xx_hal_adc.o(i.HAL_ADC_ConfigChannel)
    i.HAL_ADC_ConvCpltCallback               0x08000a30   Section        0  stm32f0xx_hal_adc.o(i.HAL_ADC_ConvCpltCallback)
    i.HAL_ADC_ConvHalfCpltCallback           0x08000a32   Section        0  stm32f0xx_hal_adc.o(i.HAL_ADC_ConvHalfCpltCallback)
    i.HAL_ADC_ErrorCallback                  0x08000a34   Section        0  stm32f0xx_hal_adc.o(i.HAL_ADC_ErrorCallback)
    i.HAL_ADC_IRQHandler                     0x08000a36   Section        0  stm32f0xx_hal_adc.o(i.HAL_ADC_IRQHandler)
    i.HAL_ADC_Init                           0x08000b4c   Section        0  stm32f0xx_hal_adc.o(i.HAL_ADC_Init)
    i.HAL_ADC_LevelOutOfWindowCallback       0x08000d0c   Section        0  stm32f0xx_hal_adc.o(i.HAL_ADC_LevelOutOfWindowCallback)
    i.HAL_ADC_MspInit                        0x08000d10   Section        0  stm32f0xx_hal_msp.o(i.HAL_ADC_MspInit)
    i.HAL_ADC_Start_DMA                      0x08000dd0   Section        0  stm32f0xx_hal_adc.o(i.HAL_ADC_Start_DMA)
    i.HAL_ADC_Stop_DMA                       0x08000e90   Section        0  stm32f0xx_hal_adc.o(i.HAL_ADC_Stop_DMA)
    i.HAL_DMA_Abort                          0x08000f18   Section        0  stm32f0xx_hal_dma.o(i.HAL_DMA_Abort)
    i.HAL_DMA_Abort_IT                       0x08000f50   Section        0  stm32f0xx_hal_dma.o(i.HAL_DMA_Abort_IT)
    i.HAL_DMA_IRQHandler                     0x08000fa8   Section        0  stm32f0xx_hal_dma.o(i.HAL_DMA_IRQHandler)
    i.HAL_DMA_Init                           0x08001098   Section        0  stm32f0xx_hal_dma.o(i.HAL_DMA_Init)
    i.HAL_DMA_Start_IT                       0x080010fc   Section        0  stm32f0xx_hal_dma.o(i.HAL_DMA_Start_IT)
    i.HAL_Delay                              0x08001196   Section        0  stm32f0xx_hal.o(i.HAL_Delay)
    i.HAL_GPIO_EXTI_Callback                 0x080011b6   Section        0  stm32f0xx_hal_gpio.o(i.HAL_GPIO_EXTI_Callback)
    i.HAL_GPIO_EXTI_IRQHandler               0x080011b8   Section        0  stm32f0xx_hal_gpio.o(i.HAL_GPIO_EXTI_IRQHandler)
    i.HAL_GPIO_Init                          0x080011d8   Section        0  stm32f0xx_hal_gpio.o(i.HAL_GPIO_Init)
    i.HAL_GPIO_ReadPin                       0x080013c8   Section        0  stm32f0xx_hal_gpio.o(i.HAL_GPIO_ReadPin)
    i.HAL_GPIO_WritePin                      0x080013da   Section        0  stm32f0xx_hal_gpio.o(i.HAL_GPIO_WritePin)
    i.HAL_GetTick                            0x080013e8   Section        0  stm32f0xx_hal.o(i.HAL_GetTick)
    i.HAL_I2CEx_ConfigAnalogFilter           0x080013f4   Section        0  stm32f0xx_hal_i2c_ex.o(i.HAL_I2CEx_ConfigAnalogFilter)
    i.HAL_I2CEx_ConfigDigitalFilter          0x08001462   Section        0  stm32f0xx_hal_i2c_ex.o(i.HAL_I2CEx_ConfigDigitalFilter)
    i.HAL_I2C_AbortCpltCallback              0x080014d4   Section        0  stm32f0xx_hal_i2c.o(i.HAL_I2C_AbortCpltCallback)
    i.HAL_I2C_AddrCallback                   0x080014d6   Section        0  stm32f0xx_hal_i2c.o(i.HAL_I2C_AddrCallback)
    i.HAL_I2C_ER_IRQHandler                  0x080014d8   Section        0  stm32f0xx_hal_i2c.o(i.HAL_I2C_ER_IRQHandler)
    i.HAL_I2C_EV_IRQHandler                  0x08001558   Section        0  stm32f0xx_hal_i2c.o(i.HAL_I2C_EV_IRQHandler)
    i.HAL_I2C_ErrorCallback                  0x08001576   Section        0  stm32f0xx_hal_i2c.o(i.HAL_I2C_ErrorCallback)
    i.HAL_I2C_Init                           0x08001578   Section        0  stm32f0xx_hal_i2c.o(i.HAL_I2C_Init)
    i.HAL_I2C_ListenCpltCallback             0x0800164c   Section        0  stm32f0xx_hal_i2c.o(i.HAL_I2C_ListenCpltCallback)
    i.HAL_I2C_Mem_Read                       0x08001650   Section        0  stm32f0xx_hal_i2c.o(i.HAL_I2C_Mem_Read)
    i.HAL_I2C_Mem_Write                      0x08001814   Section        0  stm32f0xx_hal_i2c.o(i.HAL_I2C_Mem_Write)
    i.HAL_I2C_MspInit                        0x080019d8   Section        0  stm32f0xx_hal_msp.o(i.HAL_I2C_MspInit)
    i.HAL_I2C_SlaveRxCpltCallback            0x08001a34   Section        0  stm32f0xx_hal_i2c.o(i.HAL_I2C_SlaveRxCpltCallback)
    i.HAL_I2C_SlaveTxCpltCallback            0x08001a36   Section        0  stm32f0xx_hal_i2c.o(i.HAL_I2C_SlaveTxCpltCallback)
    i.HAL_IncTick                            0x08001a38   Section        0  stm32f0xx_hal.o(i.HAL_IncTick)
    i.HAL_Init                               0x08001a48   Section        0  stm32f0xx_hal.o(i.HAL_Init)
    i.HAL_InitTick                           0x08001a68   Section        0  stm32f0xx_hal.o(i.HAL_InitTick)
    i.HAL_MspInit                            0x08001a90   Section        0  stm32f0xx_hal_msp.o(i.HAL_MspInit)
    i.HAL_NVIC_EnableIRQ                     0x08001ad4   Section        0  stm32f0xx_hal_cortex.o(i.HAL_NVIC_EnableIRQ)
    i.HAL_NVIC_SetPriority                   0x08001aec   Section        0  stm32f0xx_hal_cortex.o(i.HAL_NVIC_SetPriority)
    i.HAL_RCCEx_PeriphCLKConfig              0x08001b00   Section        0  stm32f0xx_hal_rcc_ex.o(i.HAL_RCCEx_PeriphCLKConfig)
    i.HAL_RCC_ClockConfig                    0x08001c50   Section        0  stm32f0xx_hal_rcc.o(i.HAL_RCC_ClockConfig)
    i.HAL_RCC_GetHCLKFreq                    0x08001de4   Section        0  stm32f0xx_hal_rcc.o(i.HAL_RCC_GetHCLKFreq)
    i.HAL_RCC_GetPCLK1Freq                   0x08001df0   Section        0  stm32f0xx_hal_rcc.o(i.HAL_RCC_GetPCLK1Freq)
    i.HAL_RCC_GetSysClockFreq                0x08001e14   Section        0  stm32f0xx_hal_rcc.o(i.HAL_RCC_GetSysClockFreq)
    i.HAL_RCC_OscConfig                      0x08001ed8   Section        0  stm32f0xx_hal_rcc.o(i.HAL_RCC_OscConfig)
    i.HAL_SYSTICK_CLKSourceConfig            0x08002424   Section        0  stm32f0xx_hal_cortex.o(i.HAL_SYSTICK_CLKSourceConfig)
    i.HAL_SYSTICK_Callback                   0x08002448   Section        0  main.o(i.HAL_SYSTICK_Callback)
    i.HAL_SYSTICK_Config                     0x080024a4   Section        0  stm32f0xx_hal_cortex.o(i.HAL_SYSTICK_Config)
    i.HAL_SYSTICK_IRQHandler                 0x080024dc   Section        0  stm32f0xx_hal_cortex.o(i.HAL_SYSTICK_IRQHandler)
    i.HAL_UART_ErrorCallback                 0x080024e4   Section        0  stm32f0xx_hal_uart.o(i.HAL_UART_ErrorCallback)
    i.HAL_UART_IRQHandler                    0x080024e8   Section        0  stm32f0xx_hal_uart.o(i.HAL_UART_IRQHandler)
    i.HAL_UART_Init                          0x0800267c   Section        0  stm32f0xx_hal_uart.o(i.HAL_UART_Init)
    i.HAL_UART_MspInit                       0x08002700   Section        0  stm32f0xx_hal_msp.o(i.HAL_UART_MspInit)
    i.HAL_UART_RxCpltCallback                0x0800275c   Section        0  stm32f0xx_hal_uart.o(i.HAL_UART_RxCpltCallback)
    i.HAL_UART_Transmit                      0x0800275e   Section        0  stm32f0xx_hal_uart.o(i.HAL_UART_Transmit)
    i.HAL_UART_TxCpltCallback                0x0800284e   Section        0  stm32f0xx_hal_uart.o(i.HAL_UART_TxCpltCallback)
    i.HardFault_Handler                      0x08002850   Section        0  stm32f0xx_it.o(i.HardFault_Handler)
    i.I2C1_IRQHandler                        0x08002854   Section        0  stm32f0xx_it.o(i.I2C1_IRQHandler)
    i.I2C_DMAAbort                           0x0800287c   Section        0  stm32f0xx_hal_i2c.o(i.I2C_DMAAbort)
    I2C_DMAAbort                             0x0800287d   Thumb Code    60  stm32f0xx_hal_i2c.o(i.I2C_DMAAbort)
    i.I2C_Disable_IRQ                        0x080028b8   Section        0  stm32f0xx_hal_i2c.o(i.I2C_Disable_IRQ)
    I2C_Disable_IRQ                          0x080028b9   Thumb Code   126  stm32f0xx_hal_i2c.o(i.I2C_Disable_IRQ)
    i.I2C_Flush_TXDR                         0x08002936   Section        0  stm32f0xx_hal_i2c.o(i.I2C_Flush_TXDR)
    I2C_Flush_TXDR                           0x08002937   Thumb Code    50  stm32f0xx_hal_i2c.o(i.I2C_Flush_TXDR)
    i.I2C_ITAddrCplt                         0x08002968   Section        0  stm32f0xx_hal_i2c.o(i.I2C_ITAddrCplt)
    I2C_ITAddrCplt                           0x08002969   Thumb Code   214  stm32f0xx_hal_i2c.o(i.I2C_ITAddrCplt)
    i.I2C_ITError                            0x08002a40   Section        0  stm32f0xx_hal_i2c.o(i.I2C_ITError)
    I2C_ITError                              0x08002a41   Thumb Code   268  stm32f0xx_hal_i2c.o(i.I2C_ITError)
    i.I2C_ITListenCplt                       0x08002b58   Section        0  stm32f0xx_hal_i2c.o(i.I2C_ITListenCplt)
    I2C_ITListenCplt                         0x08002b59   Thumb Code   110  stm32f0xx_hal_i2c.o(i.I2C_ITListenCplt)
    i.I2C_ITSlaveCplt                        0x08002bcc   Section        0  stm32f0xx_hal_i2c.o(i.I2C_ITSlaveCplt)
    I2C_ITSlaveCplt                          0x08002bcd   Thumb Code   308  stm32f0xx_hal_i2c.o(i.I2C_ITSlaveCplt)
    i.I2C_ITSlaveSequentialCplt              0x08002d08   Section        0  stm32f0xx_hal_i2c.o(i.I2C_ITSlaveSequentialCplt)
    I2C_ITSlaveSequentialCplt                0x08002d09   Thumb Code    98  stm32f0xx_hal_i2c.o(i.I2C_ITSlaveSequentialCplt)
    i.I2C_IsAcknowledgeFailed                0x08002d6c   Section        0  stm32f0xx_hal_i2c.o(i.I2C_IsAcknowledgeFailed)
    I2C_IsAcknowledgeFailed                  0x08002d6d   Thumb Code   144  stm32f0xx_hal_i2c.o(i.I2C_IsAcknowledgeFailed)
    i.I2C_RTC_Read                           0x08002e00   Section        0  main.o(i.I2C_RTC_Read)
    I2C_RTC_Read                             0x08002e01   Thumb Code    50  main.o(i.I2C_RTC_Read)
    i.I2C_RequestMemoryRead                  0x08002e40   Section        0  stm32f0xx_hal_i2c.o(i.I2C_RequestMemoryRead)
    I2C_RequestMemoryRead                    0x08002e41   Thumb Code   146  stm32f0xx_hal_i2c.o(i.I2C_RequestMemoryRead)
    i.I2C_RequestMemoryWrite                 0x08002ed2   Section        0  stm32f0xx_hal_i2c.o(i.I2C_RequestMemoryWrite)
    I2C_RequestMemoryWrite                   0x08002ed3   Thumb Code   146  stm32f0xx_hal_i2c.o(i.I2C_RequestMemoryWrite)
    i.I2C_Slave_ISR_IT                       0x08002f64   Section        0  stm32f0xx_hal_i2c.o(i.I2C_Slave_ISR_IT)
    I2C_Slave_ISR_IT                         0x08002f65   Thumb Code   348  stm32f0xx_hal_i2c.o(i.I2C_Slave_ISR_IT)
    i.I2C_TransferConfig                     0x080030c4   Section        0  stm32f0xx_hal_i2c.o(i.I2C_TransferConfig)
    I2C_TransferConfig                       0x080030c5   Thumb Code    42  stm32f0xx_hal_i2c.o(i.I2C_TransferConfig)
    i.I2C_WaitOnFlagUntilTimeout             0x080030f4   Section        0  stm32f0xx_hal_i2c.o(i.I2C_WaitOnFlagUntilTimeout)
    I2C_WaitOnFlagUntilTimeout               0x080030f5   Thumb Code    82  stm32f0xx_hal_i2c.o(i.I2C_WaitOnFlagUntilTimeout)
    i.I2C_WaitOnSTOPFlagUntilTimeout         0x08003146   Section        0  stm32f0xx_hal_i2c.o(i.I2C_WaitOnSTOPFlagUntilTimeout)
    I2C_WaitOnSTOPFlagUntilTimeout           0x08003147   Thumb Code    90  stm32f0xx_hal_i2c.o(i.I2C_WaitOnSTOPFlagUntilTimeout)
    i.I2C_WaitOnTXISFlagUntilTimeout         0x080031a0   Section        0  stm32f0xx_hal_i2c.o(i.I2C_WaitOnTXISFlagUntilTimeout)
    I2C_WaitOnTXISFlagUntilTimeout           0x080031a1   Thumb Code    96  stm32f0xx_hal_i2c.o(i.I2C_WaitOnTXISFlagUntilTimeout)
    i.LPF32                                  0x08003200   Section        0  lpf.o(i.LPF32)
    i.LPF32_Init                             0x08003236   Section        0  lpf.o(i.LPF32_Init)
    i.MX_ADC_Init                            0x0800324c   Section        0  main.o(i.MX_ADC_Init)
    MX_ADC_Init                              0x0800324d   Thumb Code   214  main.o(i.MX_ADC_Init)
    i.MX_DMA_Init                            0x08003340   Section        0  main.o(i.MX_DMA_Init)
    MX_DMA_Init                              0x08003341   Thumb Code    48  main.o(i.MX_DMA_Init)
    i.MX_GPIO_Init                           0x08003374   Section        0  main.o(i.MX_GPIO_Init)
    MX_GPIO_Init                             0x08003375   Thumb Code   178  main.o(i.MX_GPIO_Init)
    i.MX_I2C1_Init                           0x08003438   Section        0  main.o(i.MX_I2C1_Init)
    MX_I2C1_Init                             0x08003439   Thumb Code    96  main.o(i.MX_I2C1_Init)
    i.MX_NVIC_Init                           0x080034b8   Section        0  main.o(i.MX_NVIC_Init)
    MX_NVIC_Init                             0x080034b9   Thumb Code    68  main.o(i.MX_NVIC_Init)
    i.MX_USART1_UART_Init                    0x080034fc   Section        0  main.o(i.MX_USART1_UART_Init)
    MX_USART1_UART_Init                      0x080034fd   Thumb Code    62  main.o(i.MX_USART1_UART_Init)
    i.Mem_Read                               0x08003558   Section        0  pcf8563.o(i.Mem_Read)
    i.Mem_Write                              0x08003610   Section        0  pcf8563.o(i.Mem_Write)
    i.NMI_Handler                            0x08003898   Section        0  stm32f0xx_it.o(i.NMI_Handler)
    i.NVIC_SetPriority                       0x0800389c   Section        0  stm32f0xx_hal_cortex.o(i.NVIC_SetPriority)
    NVIC_SetPriority                         0x0800389d   Thumb Code   110  stm32f0xx_hal_cortex.o(i.NVIC_SetPriority)
    i.NormalOperation                        0x08003914   Section        0  main.o(i.NormalOperation)
    NormalOperation                          0x08003915   Thumb Code   148  main.o(i.NormalOperation)
    i.PendSV_Handler                         0x080039b4   Section        0  stm32f0xx_it.o(i.PendSV_Handler)
    i.SMSWState                              0x080039b8   Section        0  stm32r_signalmainswitch.o(i.SMSWState)
    i.SMSW_PeriodicUpdate                    0x080039d4   Section        0  stm32r_signalmainswitch.o(i.SMSW_PeriodicUpdate)
    i.SVC_Handler                            0x08003a78   Section        0  stm32f0xx_it.o(i.SVC_Handler)
    i.Shutdown                               0x08003a7a   Section        0  main.o(i.Shutdown)
    Shutdown                                 0x08003a7b   Thumb Code     2  main.o(i.Shutdown)
    i.SwitchState                            0x08003a7c   Section        0  stm32r_signalmainswitch.o(i.SwitchState)
    i.Switch_ADC_UpdateTask                  0x08003a98   Section        0  main.o(i.Switch_ADC_UpdateTask)
    Switch_ADC_UpdateTask                    0x08003a99   Thumb Code   114  main.o(i.Switch_ADC_UpdateTask)
    i.SysTick_Handler                        0x08003b28   Section        0  stm32f0xx_it.o(i.SysTick_Handler)
    i.SysTimer_1                             0x08003b34   Section        0  stm32r_signalmainswitch.o(i.SysTimer_1)
    i.SystemClock_Config                     0x08003b40   Section        0  main.o(i.SystemClock_Config)
    i.SystemInit                             0x08003bf4   Section        0  system_stm32f0xx.o(i.SystemInit)
    i.SystemUpdateTask                       0x08003c68   Section        0  main.o(i.SystemUpdateTask)
    SystemUpdateTask                         0x08003c69   Thumb Code    62  main.o(i.SystemUpdateTask)
    i.ToolOff                                0x08003cb8   Section        0  main.o(i.ToolOff)
    ToolOff                                  0x08003cb9   Thumb Code    40  main.o(i.ToolOff)
    i.UART_AdvFeatureConfig                  0x08003ce4   Section        0  stm32f0xx_hal_uart.o(i.UART_AdvFeatureConfig)
    i.UART_CheckIdleState                    0x08003dd4   Section        0  stm32f0xx_hal_uart.o(i.UART_CheckIdleState)
    i.UART_DMAAbortOnError                   0x08003df2   Section        0  stm32f0xx_hal_uart.o(i.UART_DMAAbortOnError)
    UART_DMAAbortOnError                     0x08003df3   Thumb Code    24  stm32f0xx_hal_uart.o(i.UART_DMAAbortOnError)
    i.UART_EndRxTransfer                     0x08003e0a   Section        0  stm32f0xx_hal_uart.o(i.UART_EndRxTransfer)
    UART_EndRxTransfer                       0x08003e0b   Thumb Code    34  stm32f0xx_hal_uart.o(i.UART_EndRxTransfer)
    i.UART_EndTransmit_IT                    0x08003e2c   Section        0  stm32f0xx_hal_uart.o(i.UART_EndTransmit_IT)
    i.UART_OPENLOG_Send                      0x08003e4c   Section        0  main.o(i.UART_OPENLOG_Send)
    UART_OPENLOG_Send                        0x08003e4d   Thumb Code   148  main.o(i.UART_OPENLOG_Send)
    i.UART_Receive_IT                        0x08003f5c   Section        0  stm32f0xx_hal_uart.o(i.UART_Receive_IT)
    i.UART_SetConfig                         0x08003fec   Section        0  stm32f0xx_hal_uart.o(i.UART_SetConfig)
    i.UART_Transmit_IT                       0x080041b0   Section        0  stm32f0xx_hal_uart.o(i.UART_Transmit_IT)
    i.UART_WaitOnFlagUntilTimeout            0x08004222   Section        0  stm32f0xx_hal_uart.o(i.UART_WaitOnFlagUntilTimeout)
    i.USART1_IRQHandler                      0x08004294   Section        0  stm32f0xx_it.o(i.USART1_IRQHandler)
    i.WakeUp                                 0x080042a4   Section        0  main.o(i.WakeUp)
    WakeUp                                   0x080042a5   Thumb Code    74  main.o(i.WakeUp)
    i._Error_Handler                         0x08004300   Section        0  main.o(i._Error_Handler)
    i.__0sprintf$6                           0x08004304   Section        0  printf6.o(i.__0sprintf$6)
    i.__ARM_clz                              0x0800432c   Section        0  depilogue.o(i.__ARM_clz)
    i.__ARM_common_switch8                   0x0800435a   Section        0  main.o(i.__ARM_common_switch8)
    i.__scatterload_copy                     0x08004376   Section       14  handlers.o(i.__scatterload_copy)
    i.__scatterload_null                     0x08004384   Section        2  handlers.o(i.__scatterload_null)
    i.__scatterload_zeroinit                 0x08004386   Section       14  handlers.o(i.__scatterload_zeroinit)
    i._printf_core                           0x08004394   Section        0  printf6.o(i._printf_core)
    _printf_core                             0x08004395   Thumb Code   768  printf6.o(i._printf_core)
    i._printf_post_padding                   0x08004698   Section        0  printf6.o(i._printf_post_padding)
    _printf_post_padding                     0x08004699   Thumb Code    32  printf6.o(i._printf_post_padding)
    i._printf_pre_padding                    0x080046b8   Section        0  printf6.o(i._printf_pre_padding)
    _printf_pre_padding                      0x080046b9   Thumb Code    44  printf6.o(i._printf_pre_padding)
    i._sputc                                 0x080046e4   Section        0  printf6.o(i._sputc)
    _sputc                                   0x080046e5   Thumb Code    10  printf6.o(i._sputc)
    i.bcd2bin                                0x080046ee   Section        0  pcf8563.o(i.bcd2bin)
    i.bin2bcd                                0x08004706   Section        0  pcf8563.o(i.bin2bcd)
    i.main                                   0x0800472c   Section        0  main.o(i.main)
    .constdata                               0x08004800   Section       24  system_stm32f0xx.o(.constdata)
    .data                                    0x20000000   Section       73  main.o(.data)
    SystemState                              0x20000000   Data           1  main.o(.data)
    .data                                    0x2000004a   Section        9  stm32r_signalmainswitch.o(.data)
    SMSW_SwitchOn_Tick                       0x2000004a   Data           1  stm32r_signalmainswitch.o(.data)
    SMSWState_                               0x20000052   Data           1  stm32r_signalmainswitch.o(.data)
    .data                                    0x20000054   Section        4  stm32f0xx_hal.o(.data)
    .data                                    0x20000058   Section        4  system_stm32f0xx.o(.data)
    .bss                                     0x2000005c   Section      487  main.o(.bss)
    ADC_Results                              0x200001a8   Data          10  main.o(.bss)
    ADC_Filtered_Results                     0x200001b2   Data          10  main.o(.bss)
    .bss                                     0x20000244   Section       72  pcf8563.o(.bss)
    STACK                                    0x20000290   Section     1024  startup_stm32f030x6.o(STACK)

    Global Symbols

    Symbol Name                              Value     Ov Type        Size  Object(Section)

    BuildAttributes$$THM_ISAv3M$S$PE$A:L22$X:L11$S22$IEEE1$IW$USESV6$~STKCKD$USESV7$~SHL$OSPACE$ROPI$EBA8$MICROLIB$REQ8$PRES8$EABIv2 0x00000000   Number         0  anon$$obj.o ABSOLUTE
    __ARM_use_no_argv                        0x00000000   Number         0  main.o ABSOLUTE
    _printf_a                                0x00000000   Number         0  stubs.o ABSOLUTE
    _printf_c                                0x00000000   Number         0  stubs.o ABSOLUTE
    _printf_charcount                        0x00000000   Number         0  stubs.o ABSOLUTE
    _printf_d                                0x00000000   Number         0  stubs.o ABSOLUTE
    _printf_e                                0x00000000   Number         0  stubs.o ABSOLUTE
    _printf_f                                0x00000000   Number         0  stubs.o ABSOLUTE
    _printf_flags                            0x00000000   Number         0  stubs.o ABSOLUTE
    _printf_fp_dec                           0x00000000   Number         0  stubs.o ABSOLUTE
    _printf_fp_hex                           0x00000000   Number         0  stubs.o ABSOLUTE
    _printf_g                                0x00000000   Number         0  stubs.o ABSOLUTE
    _printf_i                                0x00000000   Number         0  stubs.o ABSOLUTE
    _printf_int_dec                          0x00000000   Number         0  stubs.o ABSOLUTE
    _printf_l                                0x00000000   Number         0  stubs.o ABSOLUTE
    _printf_lc                               0x00000000   Number         0  stubs.o ABSOLUTE
    _printf_ll                               0x00000000   Number         0  stubs.o ABSOLUTE
    _printf_lld                              0x00000000   Number         0  stubs.o ABSOLUTE
    _printf_lli                              0x00000000   Number         0  stubs.o ABSOLUTE
    _printf_llo                              0x00000000   Number         0  stubs.o ABSOLUTE
    _printf_llu                              0x00000000   Number         0  stubs.o ABSOLUTE
    _printf_llx                              0x00000000   Number         0  stubs.o ABSOLUTE
    _printf_longlong_dec                     0x00000000   Number         0  stubs.o ABSOLUTE
    _printf_longlong_hex                     0x00000000   Number         0  stubs.o ABSOLUTE
    _printf_longlong_oct                     0x00000000   Number         0  stubs.o ABSOLUTE
    _printf_ls                               0x00000000   Number         0  stubs.o ABSOLUTE
    _printf_mbtowc                           0x00000000   Number         0  stubs.o ABSOLUTE
    _printf_n                                0x00000000   Number         0  stubs.o ABSOLUTE
    _printf_o                                0x00000000   Number         0  stubs.o ABSOLUTE
    _printf_p                                0x00000000   Number         0  stubs.o ABSOLUTE
    _printf_percent                          0x00000000   Number         0  stubs.o ABSOLUTE
    _printf_pre_padding                      0x00000000   Number         0  stubs.o ABSOLUTE
    _printf_return_value                     0x00000000   Number         0  stubs.o ABSOLUTE
    _printf_s                                0x00000000   Number         0  stubs.o ABSOLUTE
    _printf_sizespec                         0x00000000   Number         0  stubs.o ABSOLUTE
    _printf_str                              0x00000000   Number         0  stubs.o ABSOLUTE
    _printf_truncate_signed                  0x00000000   Number         0  stubs.o ABSOLUTE
    _printf_truncate_unsigned                0x00000000   Number         0  stubs.o ABSOLUTE
    _printf_u                                0x00000000   Number         0  stubs.o ABSOLUTE
    _printf_wc                               0x00000000   Number         0  stubs.o ABSOLUTE
    _printf_wctomb                           0x00000000   Number         0  stubs.o ABSOLUTE
    _printf_widthprec                        0x00000000   Number         0  stubs.o ABSOLUTE
    _printf_x                                0x00000000   Number         0  stubs.o ABSOLUTE
    __cpp_initialize__aeabi_                  - Undefined Weak Reference
    __cxa_finalize                            - Undefined Weak Reference
    __decompress                              - Undefined Weak Reference
    _clock_init                               - Undefined Weak Reference
    _microlib_exit                            - Undefined Weak Reference
    __Vectors_Size                           0x000000b0   Number         0  startup_stm32f030x6.o ABSOLUTE
    __Vectors                                0x08000000   Data           4  startup_stm32f030x6.o(RESET)
    __Vectors_End                            0x080000b0   Data           0  startup_stm32f030x6.o(RESET)
    __main                                   0x080000b1   Thumb Code     0  entry.o(.ARM.Collect$$$$00000000)
    _main_stk                                0x080000b1   Thumb Code     0  entry2.o(.ARM.Collect$$$$00000001)
    _main_scatterload                        0x080000b5   Thumb Code     0  entry5.o(.ARM.Collect$$$$00000004)
    __main_after_scatterload                 0x080000b9   Thumb Code     0  entry5.o(.ARM.Collect$$$$00000004)
    _main_clock                              0x080000b9   Thumb Code     0  entry7b.o(.ARM.Collect$$$$00000008)
    _main_cpp_init                           0x080000b9   Thumb Code     0  entry8b.o(.ARM.Collect$$$$0000000A)
    _main_init                               0x080000b9   Thumb Code     0  entry9a.o(.ARM.Collect$$$$0000000B)
    __rt_final_cpp                           0x080000c1   Thumb Code     0  entry10a.o(.ARM.Collect$$$$0000000D)
    __rt_final_exit                          0x080000c1   Thumb Code     0  entry11a.o(.ARM.Collect$$$$0000000F)
    Reset_Handler                            0x080000c5   Thumb Code     8  startup_stm32f030x6.o(.text)
    DMA1_Channel2_3_IRQHandler               0x080000d7   Thumb Code     0  startup_stm32f030x6.o(.text)
    DMA1_Channel4_5_IRQHandler               0x080000d7   Thumb Code     0  startup_stm32f030x6.o(.text)
    EXTI4_15_IRQHandler                      0x080000d7   Thumb Code     0  startup_stm32f030x6.o(.text)
    FLASH_IRQHandler                         0x080000d7   Thumb Code     0  startup_stm32f030x6.o(.text)
    RCC_IRQHandler                           0x080000d7   Thumb Code     0  startup_stm32f030x6.o(.text)
    RTC_IRQHandler                           0x080000d7   Thumb Code     0  startup_stm32f030x6.o(.text)
    SPI1_IRQHandler                          0x080000d7   Thumb Code     0  startup_stm32f030x6.o(.text)
    TIM14_IRQHandler                         0x080000d7   Thumb Code     0  startup_stm32f030x6.o(.text)
    TIM16_IRQHandler                         0x080000d7   Thumb Code     0  startup_stm32f030x6.o(.text)
    TIM17_IRQHandler                         0x080000d7   Thumb Code     0  startup_stm32f030x6.o(.text)
    TIM1_BRK_UP_TRG_COM_IRQHandler           0x080000d7   Thumb Code     0  startup_stm32f030x6.o(.text)
    TIM1_CC_IRQHandler                       0x080000d7   Thumb Code     0  startup_stm32f030x6.o(.text)
    TIM3_IRQHandler                          0x080000d7   Thumb Code     0  startup_stm32f030x6.o(.text)
    WWDG_IRQHandler                          0x080000d7   Thumb Code     0  startup_stm32f030x6.o(.text)
    __aeabi_uidiv                            0x080000e1   Thumb Code     0  uidiv.o(.text)
    __aeabi_uidivmod                         0x080000e1   Thumb Code    44  uidiv.o(.text)
    __aeabi_llsr                             0x0800010d   Thumb Code    34  llushr.o(.text)
    _ll_ushift_r                             0x0800010d   Thumb Code     0  llushr.o(.text)
    __aeabi_dmul                             0x08000131   Thumb Code   202  dmul.o(.text)
    __aeabi_i2d                              0x08000201   Thumb Code    34  dflti.o(.text)
    __aeabi_d2uiz                            0x08000229   Thumb Code    50  dfixui.o(.text)
    __I$use$fp                               0x08000265   Thumb Code     0  iusefp.o(.text)
    _double_round                            0x08000265   Thumb Code    26  depilogue.o(.text)
    _double_epilogue                         0x0800027f   Thumb Code   164  depilogue.o(.text)
    __scatterload                            0x08000325   Thumb Code    28  init.o(.text)
    __scatterload_rt2                        0x08000325   Thumb Code     0  init.o(.text)
    __aeabi_llsl                             0x08000349   Thumb Code    32  llshl.o(.text)
    _ll_shift_l                              0x08000349   Thumb Code     0  llshl.o(.text)
    ADC1_IRQHandler                          0x08000369   Thumb Code    10  stm32f0xx_it.o(i.ADC1_IRQHandler)
    BatteryPack_Current                      0x0800064d   Thumb Code     6  main.o(i.BatteryPack_Current)
    BatteryPack_Current_Filtered             0x08000659   Thumb Code     8  main.o(i.BatteryPack_Current_Filtered)
    BatteryPack_Current_Filtered_Result      0x08000665   Thumb Code    32  main.o(i.BatteryPack_Current_Filtered_Result)
    BatteryPack_Temperatue_Filtered          0x08000695   Thumb Code     8  main.o(i.BatteryPack_Temperatue_Filtered)
    BatteryPack_Temperature                  0x080006a1   Thumb Code     6  main.o(i.BatteryPack_Temperature)
    BatteryPack_Temperature_Filtered_Result  0x080006ad   Thumb Code    20  main.o(i.BatteryPack_Temperature_Filtered_Result)
    BatteryPack_Voltage                      0x080006c9   Thumb Code     6  main.o(i.BatteryPack_Voltage)
    BatteryPack_Voltage_Filtered             0x080006d5   Thumb Code     8  main.o(i.BatteryPack_Voltage_Filtered)
    BatteryPack_Voltage_Filtered_Result      0x080006e1   Thumb Code    26  main.o(i.BatteryPack_Voltage_Filtered_Result)
    Battery_Voltage                          0x08000705   Thumb Code     6  main.o(i.Battery_Voltage)
    Battery_Voltage_Filtered                 0x08000711   Thumb Code     8  main.o(i.Battery_Voltage_Filtered)
    Battery_Voltage_Filtered_Result          0x0800071d   Thumb Code    46  main.o(i.Battery_Voltage_Filtered_Result)
    ChargerVoltage                           0x0800075d   Thumb Code     6  main.o(i.ChargerVoltage)
    ChargerVoltage_Filtered                  0x08000769   Thumb Code     8  main.o(i.ChargerVoltage_Filtered)
    ChargerVoltage_Filtered_Result           0x08000775   Thumb Code    20  main.o(i.ChargerVoltage_Filtered_Result)
    DMA1_Channel1_IRQHandler                 0x08000835   Thumb Code    10  stm32f0xx_it.o(i.DMA1_Channel1_IRQHandler)
    EXTI0_1_IRQHandler                       0x0800088f   Thumb Code    16  stm32f0xx_it.o(i.EXTI0_1_IRQHandler)
    EXTI2_3_IRQHandler                       0x0800089f   Thumb Code    10  stm32f0xx_it.o(i.EXTI2_3_IRQHandler)
    HAL_ADC_ConfigChannel                    0x080008a9   Thumb Code   374  stm32f0xx_hal_adc.o(i.HAL_ADC_ConfigChannel)
    HAL_ADC_ConvCpltCallback                 0x08000a31   Thumb Code     2  stm32f0xx_hal_adc.o(i.HAL_ADC_ConvCpltCallback)
    HAL_ADC_ConvHalfCpltCallback             0x08000a33   Thumb Code     2  stm32f0xx_hal_adc.o(i.HAL_ADC_ConvHalfCpltCallback)
    HAL_ADC_ErrorCallback                    0x08000a35   Thumb Code     2  stm32f0xx_hal_adc.o(i.HAL_ADC_ErrorCallback)
    HAL_ADC_IRQHandler                       0x08000a37   Thumb Code   278  stm32f0xx_hal_adc.o(i.HAL_ADC_IRQHandler)
    HAL_ADC_Init                             0x08000b4d   Thumb Code   440  stm32f0xx_hal_adc.o(i.HAL_ADC_Init)
    HAL_ADC_LevelOutOfWindowCallback         0x08000d0d   Thumb Code     2  stm32f0xx_hal_adc.o(i.HAL_ADC_LevelOutOfWindowCallback)
    HAL_ADC_MspInit                          0x08000d11   Thumb Code   146  stm32f0xx_hal_msp.o(i.HAL_ADC_MspInit)
    HAL_ADC_Start_DMA                        0x08000dd1   Thumb Code   176  stm32f0xx_hal_adc.o(i.HAL_ADC_Start_DMA)
    HAL_ADC_Stop_DMA                         0x08000e91   Thumb Code   136  stm32f0xx_hal_adc.o(i.HAL_ADC_Stop_DMA)
    HAL_DMA_Abort                            0x08000f19   Thumb Code    56  stm32f0xx_hal_dma.o(i.HAL_DMA_Abort)
    HAL_DMA_Abort_IT                         0x08000f51   Thumb Code    88  stm32f0xx_hal_dma.o(i.HAL_DMA_Abort_IT)
    HAL_DMA_IRQHandler                       0x08000fa9   Thumb Code   240  stm32f0xx_hal_dma.o(i.HAL_DMA_IRQHandler)
    HAL_DMA_Init                             0x08001099   Thumb Code    94  stm32f0xx_hal_dma.o(i.HAL_DMA_Init)
    HAL_DMA_Start_IT                         0x080010fd   Thumb Code   154  stm32f0xx_hal_dma.o(i.HAL_DMA_Start_IT)
    HAL_Delay                                0x08001197   Thumb Code    32  stm32f0xx_hal.o(i.HAL_Delay)
    HAL_GPIO_EXTI_Callback                   0x080011b7   Thumb Code     2  stm32f0xx_hal_gpio.o(i.HAL_GPIO_EXTI_Callback)
    HAL_GPIO_EXTI_IRQHandler                 0x080011b9   Thumb Code    26  stm32f0xx_hal_gpio.o(i.HAL_GPIO_EXTI_IRQHandler)
    HAL_GPIO_Init                            0x080011d9   Thumb Code   470  stm32f0xx_hal_gpio.o(i.HAL_GPIO_Init)
    HAL_GPIO_ReadPin                         0x080013c9   Thumb Code    18  stm32f0xx_hal_gpio.o(i.HAL_GPIO_ReadPin)
    HAL_GPIO_WritePin                        0x080013db   Thumb Code    12  stm32f0xx_hal_gpio.o(i.HAL_GPIO_WritePin)
    HAL_GetTick                              0x080013e9   Thumb Code     6  stm32f0xx_hal.o(i.HAL_GetTick)
    HAL_I2CEx_ConfigAnalogFilter             0x080013f5   Thumb Code   110  stm32f0xx_hal_i2c_ex.o(i.HAL_I2CEx_ConfigAnalogFilter)
    HAL_I2CEx_ConfigDigitalFilter            0x08001463   Thumb Code   114  stm32f0xx_hal_i2c_ex.o(i.HAL_I2CEx_ConfigDigitalFilter)
    HAL_I2C_AbortCpltCallback                0x080014d5   Thumb Code     2  stm32f0xx_hal_i2c.o(i.HAL_I2C_AbortCpltCallback)
    HAL_I2C_AddrCallback                     0x080014d7   Thumb Code     2  stm32f0xx_hal_i2c.o(i.HAL_I2C_AddrCallback)
    HAL_I2C_ER_IRQHandler                    0x080014d9   Thumb Code   128  stm32f0xx_hal_i2c.o(i.HAL_I2C_ER_IRQHandler)
    HAL_I2C_EV_IRQHandler                    0x08001559   Thumb Code    30  stm32f0xx_hal_i2c.o(i.HAL_I2C_EV_IRQHandler)
    HAL_I2C_ErrorCallback                    0x08001577   Thumb Code     2  stm32f0xx_hal_i2c.o(i.HAL_I2C_ErrorCallback)
    HAL_I2C_Init                             0x08001579   Thumb Code   208  stm32f0xx_hal_i2c.o(i.HAL_I2C_Init)
    HAL_I2C_ListenCpltCallback               0x0800164d   Thumb Code     2  stm32f0xx_hal_i2c.o(i.HAL_I2C_ListenCpltCallback)
    HAL_I2C_Mem_Read                         0x08001651   Thumb Code   446  stm32f0xx_hal_i2c.o(i.HAL_I2C_Mem_Read)
    HAL_I2C_Mem_Write                        0x08001815   Thumb Code   446  stm32f0xx_hal_i2c.o(i.HAL_I2C_Mem_Write)
    HAL_I2C_MspInit                          0x080019d9   Thumb Code    78  stm32f0xx_hal_msp.o(i.HAL_I2C_MspInit)
    HAL_I2C_SlaveRxCpltCallback              0x08001a35   Thumb Code     2  stm32f0xx_hal_i2c.o(i.HAL_I2C_SlaveRxCpltCallback)
    HAL_I2C_SlaveTxCpltCallback              0x08001a37   Thumb Code     2  stm32f0xx_hal_i2c.o(i.HAL_I2C_SlaveTxCpltCallback)
    HAL_IncTick                              0x08001a39   Thumb Code    12  stm32f0xx_hal.o(i.HAL_IncTick)
    HAL_Init                                 0x08001a49   Thumb Code    28  stm32f0xx_hal.o(i.HAL_Init)
    HAL_InitTick                             0x08001a69   Thumb Code    38  stm32f0xx_hal.o(i.HAL_InitTick)
    HAL_MspInit                              0x08001a91   Thumb Code    62  stm32f0xx_hal_msp.o(i.HAL_MspInit)
    HAL_NVIC_EnableIRQ                       0x08001ad5   Thumb Code    18  stm32f0xx_hal_cortex.o(i.HAL_NVIC_EnableIRQ)
    HAL_NVIC_SetPriority                     0x08001aed   Thumb Code    18  stm32f0xx_hal_cortex.o(i.HAL_NVIC_SetPriority)
    HAL_RCCEx_PeriphCLKConfig                0x08001b01   Thumb Code   322  stm32f0xx_hal_rcc_ex.o(i.HAL_RCCEx_PeriphCLKConfig)
    HAL_RCC_ClockConfig                      0x08001c51   Thumb Code   382  stm32f0xx_hal_rcc.o(i.HAL_RCC_ClockConfig)
    HAL_RCC_GetHCLKFreq                      0x08001de5   Thumb Code     6  stm32f0xx_hal_rcc.o(i.HAL_RCC_GetHCLKFreq)
    HAL_RCC_GetPCLK1Freq                     0x08001df1   Thumb Code    26  stm32f0xx_hal_rcc.o(i.HAL_RCC_GetPCLK1Freq)
    HAL_RCC_GetSysClockFreq                  0x08001e15   Thumb Code   150  stm32f0xx_hal_rcc.o(i.HAL_RCC_GetSysClockFreq)
    HAL_RCC_OscConfig                        0x08001ed9   Thumb Code  1352  stm32f0xx_hal_rcc.o(i.HAL_RCC_OscConfig)
    HAL_SYSTICK_CLKSourceConfig              0x08002425   Thumb Code    32  stm32f0xx_hal_cortex.o(i.HAL_SYSTICK_CLKSourceConfig)
    HAL_SYSTICK_Callback                     0x08002449   Thumb Code    68  main.o(i.HAL_SYSTICK_Callback)
    HAL_SYSTICK_Config                       0x080024a5   Thumb Code    46  stm32f0xx_hal_cortex.o(i.HAL_SYSTICK_Config)
    HAL_SYSTICK_IRQHandler                   0x080024dd   Thumb Code     8  stm32f0xx_hal_cortex.o(i.HAL_SYSTICK_IRQHandler)
    HAL_UART_ErrorCallback                   0x080024e5   Thumb Code     2  stm32f0xx_hal_uart.o(i.HAL_UART_ErrorCallback)
    HAL_UART_IRQHandler                      0x080024e9   Thumb Code   398  stm32f0xx_hal_uart.o(i.HAL_UART_IRQHandler)
    HAL_UART_Init                            0x0800267d   Thumb Code   130  stm32f0xx_hal_uart.o(i.HAL_UART_Init)
    HAL_UART_MspInit                         0x08002701   Thumb Code    82  stm32f0xx_hal_msp.o(i.HAL_UART_MspInit)
    HAL_UART_RxCpltCallback                  0x0800275d   Thumb Code     2  stm32f0xx_hal_uart.o(i.HAL_UART_RxCpltCallback)
    HAL_UART_Transmit                        0x0800275f   Thumb Code   240  stm32f0xx_hal_uart.o(i.HAL_UART_Transmit)
    HAL_UART_TxCpltCallback                  0x0800284f   Thumb Code     2  stm32f0xx_hal_uart.o(i.HAL_UART_TxCpltCallback)
    HardFault_Handler                        0x08002851   Thumb Code     4  stm32f0xx_it.o(i.HardFault_Handler)
    I2C1_IRQHandler                          0x08002855   Thumb Code    34  stm32f0xx_it.o(i.I2C1_IRQHandler)
    LPF32                                    0x08003201   Thumb Code    54  lpf.o(i.LPF32)
    LPF32_Init                               0x08003237   Thumb Code    20  lpf.o(i.LPF32_Init)
    Mem_Read                                 0x08003559   Thumb Code   132  pcf8563.o(i.Mem_Read)
    Mem_Write                                0x08003611   Thumb Code   614  pcf8563.o(i.Mem_Write)
    NMI_Handler                              0x08003899   Thumb Code     2  stm32f0xx_it.o(i.NMI_Handler)
    PendSV_Handler                           0x080039b5   Thumb Code     2  stm32f0xx_it.o(i.PendSV_Handler)
    SMSWState                                0x080039b9   Thumb Code    24  stm32r_signalmainswitch.o(i.SMSWState)
    SMSW_PeriodicUpdate                      0x080039d5   Thumb Code   138  stm32r_signalmainswitch.o(i.SMSW_PeriodicUpdate)
    SVC_Handler                              0x08003a79   Thumb Code     2  stm32f0xx_it.o(i.SVC_Handler)
    SwitchState                              0x08003a7d   Thumb Code    22  stm32r_signalmainswitch.o(i.SwitchState)
    SysTick_Handler                          0x08003b29   Thumb Code    12  stm32f0xx_it.o(i.SysTick_Handler)
    SysTimer_1                               0x08003b35   Thumb Code     8  stm32r_signalmainswitch.o(i.SysTimer_1)
    SystemClock_Config                       0x08003b41   Thumb Code   164  main.o(i.SystemClock_Config)
    SystemInit                               0x08003bf5   Thumb Code   104  system_stm32f0xx.o(i.SystemInit)
    UART_AdvFeatureConfig                    0x08003ce5   Thumb Code   240  stm32f0xx_hal_uart.o(i.UART_AdvFeatureConfig)
    UART_CheckIdleState                      0x08003dd5   Thumb Code    30  stm32f0xx_hal_uart.o(i.UART_CheckIdleState)
    UART_EndTransmit_IT                      0x08003e2d   Thumb Code    32  stm32f0xx_hal_uart.o(i.UART_EndTransmit_IT)
    UART_Receive_IT                          0x08003f5d   Thumb Code   142  stm32f0xx_hal_uart.o(i.UART_Receive_IT)
    UART_SetConfig                           0x08003fed   Thumb Code   432  stm32f0xx_hal_uart.o(i.UART_SetConfig)
    UART_Transmit_IT                         0x080041b1   Thumb Code   114  stm32f0xx_hal_uart.o(i.UART_Transmit_IT)
    UART_WaitOnFlagUntilTimeout              0x08004223   Thumb Code   112  stm32f0xx_hal_uart.o(i.UART_WaitOnFlagUntilTimeout)
    USART1_IRQHandler                        0x08004295   Thumb Code    10  stm32f0xx_it.o(i.USART1_IRQHandler)
    _Error_Handler                           0x08004301   Thumb Code     4  main.o(i._Error_Handler)
    __0sprintf$6                             0x08004305   Thumb Code    36  printf6.o(i.__0sprintf$6)
    __1sprintf$6                             0x08004305   Thumb Code     0  printf6.o(i.__0sprintf$6)
    __2sprintf                               0x08004305   Thumb Code     0  printf6.o(i.__0sprintf$6)
    __ARM_clz                                0x0800432d   Thumb Code    46  depilogue.o(i.__ARM_clz)
    __ARM_common_switch8                     0x0800435b   Thumb Code    28  main.o(i.__ARM_common_switch8)
    __scatterload_copy                       0x08004377   Thumb Code    14  handlers.o(i.__scatterload_copy)
    __scatterload_null                       0x08004385   Thumb Code     2  handlers.o(i.__scatterload_null)
    __scatterload_zeroinit                   0x08004387   Thumb Code    14  handlers.o(i.__scatterload_zeroinit)
    bcd2bin                                  0x080046ef   Thumb Code    24  pcf8563.o(i.bcd2bin)
    bin2bcd                                  0x08004707   Thumb Code    38  pcf8563.o(i.bin2bcd)
    main                                     0x0800472d   Thumb Code   178  main.o(i.main)
    AHBPrescTable                            0x08004800   Data          16  system_stm32f0xx.o(.constdata)
    APBPrescTable                            0x08004810   Data           8  system_stm32f0xx.o(.constdata)
    Region$$Table$$Base                      0x08004818   Number         0  anon$$obj.o(Region$$Table)
    Region$$Table$$Limit                     0x08004838   Number         0  anon$$obj.o(Region$$Table)
    ChargerCheck_Bit                         0x20000001   Data           1  main.o(.data)
    VBAT_Blanking                            0x20000002   Data           2  main.o(.data)
    VCHG_Blanking                            0x20000004   Data           2  main.o(.data)
    Tick_Main                                0x20000008   Data           4  main.o(.data)
    Charger_Tick                             0x2000000c   Data           4  main.o(.data)
    Charger_Check_Tick                       0x20000010   Data           4  main.o(.data)
    BQ_Load_Tick                             0x20000014   Data           4  main.o(.data)
    I2C_Read                                 0x20000018   Data           2  main.o(.data)
    UART_Send                                0x2000001a   Data           2  main.o(.data)
    PCF8563_Write                            0x2000001c   Data           8  main.o(.data)
    PCF8563                                  0x20000024   Data           8  main.o(.data)
    PCF8563_BCD                              0x2000002c   Data           8  main.o(.data)
    date                                     0x20000034   Data          12  main.o(.data)
    time                                     0x20000040   Data           9  main.o(.data)
    SMSW_SwitchOn_Counter                    0x2000004c   Data           2  stm32r_signalmainswitch.o(.data)
    SMSW_IdleOff_Counter                     0x2000004e   Data           2  stm32r_signalmainswitch.o(.data)
    SMSW_SwitchOff_Counter                   0x20000050   Data           2  stm32r_signalmainswitch.o(.data)
    uwTick                                   0x20000054   Data           4  stm32f0xx_hal.o(.data)
    SystemCoreClock                          0x20000058   Data           4  system_stm32f0xx.o(.data)
    hadc                                     0x2000005c   Data          76  main.o(.bss)
    hdma_adc                                 0x200000a8   Data          68  main.o(.bss)
    hi2c1                                    0x200000ec   Data          76  main.o(.bss)
    huart1                                   0x20000138   Data         112  main.o(.bss)
    Battery_Voltage__Filtered                0x200001bc   Data          12  main.o(.bss)
    BatteryPack_Current__Filtered            0x200001c8   Data          12  main.o(.bss)
    BatteryPack_Voltage__Filtered            0x200001d4   Data          12  main.o(.bss)
    BatteryPack_Temperature__Filtered        0x200001e0   Data          12  main.o(.bss)
    ChargerVoltage__Filtered                 0x200001ec   Data          12  main.o(.bss)
    UART_Values                              0x200001f8   Data          75  main.o(.bss)
    RTC_printf                               0x20000244   Data          50  pcf8563.o(.bss)
    StringToData                             0x20000276   Data          22  pcf8563.o(.bss)
    __initial_sp                             0x20000690   Data           0  startup_stm32f030x6.o(STACK)



==============================================================================

Memory Map of the image

  Image Entry point : 0x080000b1

  Load Region LR_IROM1 (Base: 0x08000000, Size: 0x00004894, Max: 0x00008000, ABSOLUTE)

    Execution Region ER_IROM1 (Exec base: 0x08000000, Load base: 0x08000000, Size: 0x00004838, Max: 0x00008000, ABSOLUTE)

    Exec Addr    Load Addr    Size         Type   Attr      Idx    E Section Name        Object

    0x08000000   0x08000000   0x000000b0   Data   RO            3    RESET               startup_stm32f030x6.o
    0x080000b0   0x080000b0   0x00000000   Code   RO         2490  * .ARM.Collect$$$$00000000  mc_p.l(entry.o)
    0x080000b0   0x080000b0   0x00000004   Code   RO         2764    .ARM.Collect$$$$00000001  mc_p.l(entry2.o)
    0x080000b4   0x080000b4   0x00000004   Code   RO         2767    .ARM.Collect$$$$00000004  mc_p.l(entry5.o)
    0x080000b8   0x080000b8   0x00000000   Code   RO         2769    .ARM.Collect$$$$00000008  mc_p.l(entry7b.o)
    0x080000b8   0x080000b8   0x00000000   Code   RO         2771    .ARM.Collect$$$$0000000A  mc_p.l(entry8b.o)
    0x080000b8   0x080000b8   0x00000008   Code   RO         2772    .ARM.Collect$$$$0000000B  mc_p.l(entry9a.o)
    0x080000c0   0x080000c0   0x00000000   Code   RO         2774    .ARM.Collect$$$$0000000D  mc_p.l(entry10a.o)
    0x080000c0   0x080000c0   0x00000000   Code   RO         2776    .ARM.Collect$$$$0000000F  mc_p.l(entry11a.o)
    0x080000c0   0x080000c0   0x00000004   Code   RO         2765    .ARM.Collect$$$$00002712  mc_p.l(entry2.o)
    0x080000c4   0x080000c4   0x0000001c   Code   RO            4    .text               startup_stm32f030x6.o
    0x080000e0   0x080000e0   0x0000002c   Code   RO         2493    .text               mc_p.l(uidiv.o)
    0x0800010c   0x0800010c   0x00000022   Code   RO         2495    .text               mc_p.l(llushr.o)
    0x0800012e   0x0800012e   0x00000002   PAD
    0x08000130   0x08000130   0x000000d0   Code   RO         2758    .text               mf_p.l(dmul.o)
    0x08000200   0x08000200   0x00000028   Code   RO         2760    .text               mf_p.l(dflti.o)
    0x08000228   0x08000228   0x0000003c   Code   RO         2762    .text               mf_p.l(dfixui.o)
    0x08000264   0x08000264   0x00000000   Code   RO         2783    .text               mc_p.l(iusefp.o)
    0x08000264   0x08000264   0x000000be   Code   RO         2784    .text               mf_p.l(depilogue.o)
    0x08000322   0x08000322   0x00000002   PAD
    0x08000324   0x08000324   0x00000024   Code   RO         2796    .text               mc_p.l(init.o)
    0x08000348   0x08000348   0x00000020   Code   RO         2799    .text               mc_p.l(llshl.o)
    0x08000368   0x08000368   0x00000010   Code   RO          395    i.ADC1_IRQHandler   stm32f0xx_it.o
    0x08000378   0x08000378   0x0000006c   Code   RO         1946    i.ADC_ConversionStop  stm32f0xx_hal_adc.o
    0x080003e4   0x080003e4   0x00000086   Code   RO         1947    i.ADC_DMAConvCplt   stm32f0xx_hal_adc.o
    0x0800046a   0x0800046a   0x0000001e   Code   RO         1948    i.ADC_DMAError      stm32f0xx_hal_adc.o
    0x08000488   0x08000488   0x0000000e   Code   RO         1949    i.ADC_DMAHalfConvCplt  stm32f0xx_hal_adc.o
    0x08000496   0x08000496   0x000000aa   Code   RO         1950    i.ADC_Disable       stm32f0xx_hal_adc.o
    0x08000540   0x08000540   0x000000d4   Code   RO         1951    i.ADC_Enable        stm32f0xx_hal_adc.o
    0x08000614   0x08000614   0x00000038   Code   RO          162    i.BatteryLow        main.o
    0x0800064c   0x0800064c   0x0000000c   Code   RO          163    i.BatteryPack_Current  main.o
    0x08000658   0x08000658   0x0000000c   Code   RO          164    i.BatteryPack_Current_Filtered  main.o
    0x08000664   0x08000664   0x00000030   Code   RO          165    i.BatteryPack_Current_Filtered_Result  main.o
    0x08000694   0x08000694   0x0000000c   Code   RO          166    i.BatteryPack_Temperatue_Filtered  main.o
    0x080006a0   0x080006a0   0x0000000c   Code   RO          167    i.BatteryPack_Temperature  main.o
    0x080006ac   0x080006ac   0x0000001c   Code   RO          168    i.BatteryPack_Temperature_Filtered_Result  main.o
    0x080006c8   0x080006c8   0x0000000c   Code   RO          169    i.BatteryPack_Voltage  main.o
    0x080006d4   0x080006d4   0x0000000c   Code   RO          170    i.BatteryPack_Voltage_Filtered  main.o
    0x080006e0   0x080006e0   0x00000024   Code   RO          171    i.BatteryPack_Voltage_Filtered_Result  main.o
    0x08000704   0x08000704   0x0000000c   Code   RO          172    i.Battery_Voltage   main.o
    0x08000710   0x08000710   0x0000000c   Code   RO          173    i.Battery_Voltage_Filtered  main.o
    0x0800071c   0x0800071c   0x00000040   Code   RO          174    i.Battery_Voltage_Filtered_Result  main.o
    0x0800075c   0x0800075c   0x0000000c   Code   RO          175    i.ChargerVoltage    main.o
    0x08000768   0x08000768   0x0000000c   Code   RO          176    i.ChargerVoltage_Filtered  main.o
    0x08000774   0x08000774   0x0000001c   Code   RO          177    i.ChargerVoltage_Filtered_Result  main.o
    0x08000790   0x08000790   0x000000a4   Code   RO          178    i.Charging          main.o
    0x08000834   0x08000834   0x00000010   Code   RO          396    i.DMA1_Channel1_IRQHandler  stm32f0xx_it.o
    0x08000844   0x08000844   0x00000020   Code   RO          813    i.DMA_CalcBaseAndBitshift  stm32f0xx_hal_dma.o
    0x08000864   0x08000864   0x0000002a   Code   RO          814    i.DMA_SetConfig     stm32f0xx_hal_dma.o
    0x0800088e   0x0800088e   0x00000010   Code   RO          397    i.EXTI0_1_IRQHandler  stm32f0xx_it.o
    0x0800089e   0x0800089e   0x0000000a   Code   RO          398    i.EXTI2_3_IRQHandler  stm32f0xx_it.o
    0x080008a8   0x080008a8   0x00000188   Code   RO         1953    i.HAL_ADC_ConfigChannel  stm32f0xx_hal_adc.o
    0x08000a30   0x08000a30   0x00000002   Code   RO         1954    i.HAL_ADC_ConvCpltCallback  stm32f0xx_hal_adc.o
    0x08000a32   0x08000a32   0x00000002   Code   RO         1955    i.HAL_ADC_ConvHalfCpltCallback  stm32f0xx_hal_adc.o
    0x08000a34   0x08000a34   0x00000002   Code   RO         1957    i.HAL_ADC_ErrorCallback  stm32f0xx_hal_adc.o
    0x08000a36   0x08000a36   0x00000116   Code   RO         1961    i.HAL_ADC_IRQHandler  stm32f0xx_hal_adc.o
    0x08000b4c   0x08000b4c   0x000001c0   Code   RO         1962    i.HAL_ADC_Init      stm32f0xx_hal_adc.o
    0x08000d0c   0x08000d0c   0x00000002   Code   RO         1963    i.HAL_ADC_LevelOutOfWindowCallback  stm32f0xx_hal_adc.o
    0x08000d0e   0x08000d0e   0x00000002   PAD
    0x08000d10   0x08000d10   0x000000c0   Code   RO           13    i.HAL_ADC_MspInit   stm32f0xx_hal_msp.o
    0x08000dd0   0x08000dd0   0x000000c0   Code   RO         1969    i.HAL_ADC_Start_DMA  stm32f0xx_hal_adc.o
    0x08000e90   0x08000e90   0x00000088   Code   RO         1972    i.HAL_ADC_Stop_DMA  stm32f0xx_hal_adc.o
    0x08000f18   0x08000f18   0x00000038   Code   RO          815    i.HAL_DMA_Abort     stm32f0xx_hal_dma.o
    0x08000f50   0x08000f50   0x00000058   Code   RO          816    i.HAL_DMA_Abort_IT  stm32f0xx_hal_dma.o
    0x08000fa8   0x08000fa8   0x000000f0   Code   RO          820    i.HAL_DMA_IRQHandler  stm32f0xx_hal_dma.o
    0x08001098   0x08001098   0x00000064   Code   RO          821    i.HAL_DMA_Init      stm32f0xx_hal_dma.o
    0x080010fc   0x080010fc   0x0000009a   Code   RO          825    i.HAL_DMA_Start_IT  stm32f0xx_hal_dma.o
    0x08001196   0x08001196   0x00000020   Code   RO          966    i.HAL_Delay         stm32f0xx_hal.o
    0x080011b6   0x080011b6   0x00000002   Code   RO          596    i.HAL_GPIO_EXTI_Callback  stm32f0xx_hal_gpio.o
    0x080011b8   0x080011b8   0x00000020   Code   RO          597    i.HAL_GPIO_EXTI_IRQHandler  stm32f0xx_hal_gpio.o
    0x080011d8   0x080011d8   0x000001f0   Code   RO          598    i.HAL_GPIO_Init     stm32f0xx_hal_gpio.o
    0x080013c8   0x080013c8   0x00000012   Code   RO          600    i.HAL_GPIO_ReadPin  stm32f0xx_hal_gpio.o
    0x080013da   0x080013da   0x0000000c   Code   RO          602    i.HAL_GPIO_WritePin  stm32f0xx_hal_gpio.o
    0x080013e6   0x080013e6   0x00000002   PAD
    0x080013e8   0x080013e8   0x0000000c   Code   RO          970    i.HAL_GetTick       stm32f0xx_hal.o
    0x080013f4   0x080013f4   0x0000006e   Code   RO          909    i.HAL_I2CEx_ConfigAnalogFilter  stm32f0xx_hal_i2c_ex.o
    0x08001462   0x08001462   0x00000072   Code   RO          910    i.HAL_I2CEx_ConfigDigitalFilter  stm32f0xx_hal_i2c_ex.o
    0x080014d4   0x080014d4   0x00000002   Code   RO         1436    i.HAL_I2C_AbortCpltCallback  stm32f0xx_hal_i2c.o
    0x080014d6   0x080014d6   0x00000002   Code   RO         1437    i.HAL_I2C_AddrCallback  stm32f0xx_hal_i2c.o
    0x080014d8   0x080014d8   0x00000080   Code   RO         1440    i.HAL_I2C_ER_IRQHandler  stm32f0xx_hal_i2c.o
    0x08001558   0x08001558   0x0000001e   Code   RO         1441    i.HAL_I2C_EV_IRQHandler  stm32f0xx_hal_i2c.o
    0x08001576   0x08001576   0x00000002   Code   RO         1443    i.HAL_I2C_ErrorCallback  stm32f0xx_hal_i2c.o
    0x08001578   0x08001578   0x000000d4   Code   RO         1447    i.HAL_I2C_Init      stm32f0xx_hal_i2c.o
    0x0800164c   0x0800164c   0x00000002   Code   RO         1449    i.HAL_I2C_ListenCpltCallback  stm32f0xx_hal_i2c.o
    0x0800164e   0x0800164e   0x00000002   PAD
    0x08001650   0x08001650   0x000001c4   Code   RO         1463    i.HAL_I2C_Mem_Read  stm32f0xx_hal_i2c.o
    0x08001814   0x08001814   0x000001c4   Code   RO         1466    i.HAL_I2C_Mem_Write  stm32f0xx_hal_i2c.o
    0x080019d8   0x080019d8   0x0000005c   Code   RO           15    i.HAL_I2C_MspInit   stm32f0xx_hal_msp.o
    0x08001a34   0x08001a34   0x00000002   Code   RO         1471    i.HAL_I2C_SlaveRxCpltCallback  stm32f0xx_hal_i2c.o
    0x08001a36   0x08001a36   0x00000002   Code   RO         1472    i.HAL_I2C_SlaveTxCpltCallback  stm32f0xx_hal_i2c.o
    0x08001a38   0x08001a38   0x00000010   Code   RO          974    i.HAL_IncTick       stm32f0xx_hal.o
    0x08001a48   0x08001a48   0x00000020   Code   RO          975    i.HAL_Init          stm32f0xx_hal.o
    0x08001a68   0x08001a68   0x00000026   Code   RO          976    i.HAL_InitTick      stm32f0xx_hal.o
    0x08001a8e   0x08001a8e   0x00000002   PAD
    0x08001a90   0x08001a90   0x00000044   Code   RO           16    i.HAL_MspInit       stm32f0xx_hal_msp.o
    0x08001ad4   0x08001ad4   0x00000018   Code   RO         2144    i.HAL_NVIC_EnableIRQ  stm32f0xx_hal_cortex.o
    0x08001aec   0x08001aec   0x00000012   Code   RO         2148    i.HAL_NVIC_SetPriority  stm32f0xx_hal_cortex.o
    0x08001afe   0x08001afe   0x00000002   PAD
    0x08001b00   0x08001b00   0x00000150   Code   RO         2330    i.HAL_RCCEx_PeriphCLKConfig  stm32f0xx_hal_rcc_ex.o
    0x08001c50   0x08001c50   0x00000194   Code   RO         2237    i.HAL_RCC_ClockConfig  stm32f0xx_hal_rcc.o
    0x08001de4   0x08001de4   0x0000000c   Code   RO         2242    i.HAL_RCC_GetHCLKFreq  stm32f0xx_hal_rcc.o
    0x08001df0   0x08001df0   0x00000024   Code   RO         2244    i.HAL_RCC_GetPCLK1Freq  stm32f0xx_hal_rcc.o
    0x08001e14   0x08001e14   0x000000c4   Code   RO         2245    i.HAL_RCC_GetSysClockFreq  stm32f0xx_hal_rcc.o
    0x08001ed8   0x08001ed8   0x0000054c   Code   RO         2248    i.HAL_RCC_OscConfig  stm32f0xx_hal_rcc.o
    0x08002424   0x08002424   0x00000024   Code   RO         2150    i.HAL_SYSTICK_CLKSourceConfig  stm32f0xx_hal_cortex.o
    0x08002448   0x08002448   0x0000005c   Code   RO          179    i.HAL_SYSTICK_Callback  main.o
    0x080024a4   0x080024a4   0x00000038   Code   RO         2152    i.HAL_SYSTICK_Config  stm32f0xx_hal_cortex.o
    0x080024dc   0x080024dc   0x00000008   Code   RO         2153    i.HAL_SYSTICK_IRQHandler  stm32f0xx_hal_cortex.o
    0x080024e4   0x080024e4   0x00000002   Code   RO         1118    i.HAL_UART_ErrorCallback  stm32f0xx_hal_uart.o
    0x080024e6   0x080024e6   0x00000002   PAD
    0x080024e8   0x080024e8   0x00000194   Code   RO         1121    i.HAL_UART_IRQHandler  stm32f0xx_hal_uart.o
    0x0800267c   0x0800267c   0x00000082   Code   RO         1122    i.HAL_UART_Init     stm32f0xx_hal_uart.o
    0x080026fe   0x080026fe   0x00000002   PAD
    0x08002700   0x08002700   0x0000005c   Code   RO           18    i.HAL_UART_MspInit  stm32f0xx_hal_msp.o
    0x0800275c   0x0800275c   0x00000002   Code   RO         1128    i.HAL_UART_RxCpltCallback  stm32f0xx_hal_uart.o
    0x0800275e   0x0800275e   0x000000f0   Code   RO         1130    i.HAL_UART_Transmit  stm32f0xx_hal_uart.o
    0x0800284e   0x0800284e   0x00000002   Code   RO         1133    i.HAL_UART_TxCpltCallback  stm32f0xx_hal_uart.o
    0x08002850   0x08002850   0x00000004   Code   RO          399    i.HardFault_Handler  stm32f0xx_it.o
    0x08002854   0x08002854   0x00000028   Code   RO          400    i.I2C1_IRQHandler   stm32f0xx_it.o
    0x0800287c   0x0800287c   0x0000003c   Code   RO         1481    i.I2C_DMAAbort      stm32f0xx_hal_i2c.o
    0x080028b8   0x080028b8   0x0000007e   Code   RO         1487    i.I2C_Disable_IRQ   stm32f0xx_hal_i2c.o
    0x08002936   0x08002936   0x00000032   Code   RO         1489    i.I2C_Flush_TXDR    stm32f0xx_hal_i2c.o
    0x08002968   0x08002968   0x000000d6   Code   RO         1490    i.I2C_ITAddrCplt    stm32f0xx_hal_i2c.o
    0x08002a3e   0x08002a3e   0x00000002   PAD
    0x08002a40   0x08002a40   0x00000118   Code   RO         1491    i.I2C_ITError       stm32f0xx_hal_i2c.o
    0x08002b58   0x08002b58   0x00000074   Code   RO         1492    i.I2C_ITListenCplt  stm32f0xx_hal_i2c.o
    0x08002bcc   0x08002bcc   0x0000013c   Code   RO         1495    i.I2C_ITSlaveCplt   stm32f0xx_hal_i2c.o
    0x08002d08   0x08002d08   0x00000062   Code   RO         1496    i.I2C_ITSlaveSequentialCplt  stm32f0xx_hal_i2c.o
    0x08002d6a   0x08002d6a   0x00000002   PAD
    0x08002d6c   0x08002d6c   0x00000094   Code   RO         1497    i.I2C_IsAcknowledgeFailed  stm32f0xx_hal_i2c.o
    0x08002e00   0x08002e00   0x00000040   Code   RO          180    i.I2C_RTC_Read      main.o
    0x08002e40   0x08002e40   0x00000092   Code   RO         1500    i.I2C_RequestMemoryRead  stm32f0xx_hal_i2c.o
    0x08002ed2   0x08002ed2   0x00000092   Code   RO         1501    i.I2C_RequestMemoryWrite  stm32f0xx_hal_i2c.o
    0x08002f64   0x08002f64   0x00000160   Code   RO         1503    i.I2C_Slave_ISR_IT  stm32f0xx_hal_i2c.o
    0x080030c4   0x080030c4   0x00000030   Code   RO         1504    i.I2C_TransferConfig  stm32f0xx_hal_i2c.o
    0x080030f4   0x080030f4   0x00000052   Code   RO         1505    i.I2C_WaitOnFlagUntilTimeout  stm32f0xx_hal_i2c.o
    0x08003146   0x08003146   0x0000005a   Code   RO         1507    i.I2C_WaitOnSTOPFlagUntilTimeout  stm32f0xx_hal_i2c.o
    0x080031a0   0x080031a0   0x00000060   Code   RO         1508    i.I2C_WaitOnTXISFlagUntilTimeout  stm32f0xx_hal_i2c.o
    0x08003200   0x08003200   0x00000036   Code   RO          565    i.LPF32             lpf.o
    0x08003236   0x08003236   0x00000014   Code   RO          566    i.LPF32_Init        lpf.o
    0x0800324a   0x0800324a   0x00000002   PAD
    0x0800324c   0x0800324c   0x000000f4   Code   RO          181    i.MX_ADC_Init       main.o
    0x08003340   0x08003340   0x00000034   Code   RO          182    i.MX_DMA_Init       main.o
    0x08003374   0x08003374   0x000000c4   Code   RO          183    i.MX_GPIO_Init      main.o
    0x08003438   0x08003438   0x00000080   Code   RO          184    i.MX_I2C1_Init      main.o
    0x080034b8   0x080034b8   0x00000044   Code   RO          185    i.MX_NVIC_Init      main.o
    0x080034fc   0x080034fc   0x0000005c   Code   RO          186    i.MX_USART1_UART_Init  main.o
    0x08003558   0x08003558   0x000000b8   Code   RO          520    i.Mem_Read          pcf8563.o
    0x08003610   0x08003610   0x00000288   Code   RO          521    i.Mem_Write         pcf8563.o
    0x08003898   0x08003898   0x00000002   Code   RO          401    i.NMI_Handler       stm32f0xx_it.o
    0x0800389a   0x0800389a   0x00000002   PAD
    0x0800389c   0x0800389c   0x00000078   Code   RO         2154    i.NVIC_SetPriority  stm32f0xx_hal_cortex.o
    0x08003914   0x08003914   0x000000a0   Code   RO          187    i.NormalOperation   main.o
    0x080039b4   0x080039b4   0x00000002   Code   RO          402    i.PendSV_Handler    stm32f0xx_it.o
    0x080039b6   0x080039b6   0x00000002   PAD
    0x080039b8   0x080039b8   0x0000001c   Code   RO          479    i.SMSWState         stm32r_signalmainswitch.o
    0x080039d4   0x080039d4   0x000000a4   Code   RO          480    i.SMSW_PeriodicUpdate  stm32r_signalmainswitch.o
    0x08003a78   0x08003a78   0x00000002   Code   RO          403    i.SVC_Handler       stm32f0xx_it.o
    0x08003a7a   0x08003a7a   0x00000002   Code   RO          188    i.Shutdown          main.o
    0x08003a7c   0x08003a7c   0x0000001c   Code   RO          481    i.SwitchState       stm32r_signalmainswitch.o
    0x08003a98   0x08003a98   0x00000090   Code   RO          189    i.Switch_ADC_UpdateTask  main.o
    0x08003b28   0x08003b28   0x0000000c   Code   RO          404    i.SysTick_Handler   stm32f0xx_it.o
    0x08003b34   0x08003b34   0x0000000c   Code   RO          482    i.SysTimer_1        stm32r_signalmainswitch.o
    0x08003b40   0x08003b40   0x000000b4   Code   RO          190    i.SystemClock_Config  main.o
    0x08003bf4   0x08003bf4   0x00000074   Code   RO         2460    i.SystemInit        system_stm32f0xx.o
    0x08003c68   0x08003c68   0x00000050   Code   RO          191    i.SystemUpdateTask  main.o
    0x08003cb8   0x08003cb8   0x0000002c   Code   RO          192    i.ToolOff           main.o
    0x08003ce4   0x08003ce4   0x000000f0   Code   RO         1135    i.UART_AdvFeatureConfig  stm32f0xx_hal_uart.o
    0x08003dd4   0x08003dd4   0x0000001e   Code   RO         1136    i.UART_CheckIdleState  stm32f0xx_hal_uart.o
    0x08003df2   0x08003df2   0x00000018   Code   RO         1137    i.UART_DMAAbortOnError  stm32f0xx_hal_uart.o
    0x08003e0a   0x08003e0a   0x00000022   Code   RO         1147    i.UART_EndRxTransfer  stm32f0xx_hal_uart.o
    0x08003e2c   0x08003e2c   0x00000020   Code   RO         1148    i.UART_EndTransmit_IT  stm32f0xx_hal_uart.o
    0x08003e4c   0x08003e4c   0x00000110   Code   RO          193    i.UART_OPENLOG_Send  main.o
    0x08003f5c   0x08003f5c   0x0000008e   Code   RO         1150    i.UART_Receive_IT   stm32f0xx_hal_uart.o
    0x08003fea   0x08003fea   0x00000002   PAD
    0x08003fec   0x08003fec   0x000001c4   Code   RO         1151    i.UART_SetConfig    stm32f0xx_hal_uart.o
    0x080041b0   0x080041b0   0x00000072   Code   RO         1152    i.UART_Transmit_IT  stm32f0xx_hal_uart.o
    0x08004222   0x08004222   0x00000070   Code   RO         1153    i.UART_WaitOnFlagUntilTimeout  stm32f0xx_hal_uart.o
    0x08004292   0x08004292   0x00000002   PAD
    0x08004294   0x08004294   0x00000010   Code   RO          405    i.USART1_IRQHandler  stm32f0xx_it.o
    0x080042a4   0x080042a4   0x0000005c   Code   RO          194    i.WakeUp            main.o
    0x08004300   0x08004300   0x00000004   Code   RO          195    i._Error_Handler    main.o
    0x08004304   0x08004304   0x00000028   Code   RO         2654    i.__0sprintf$6      mc_p.l(printf6.o)
    0x0800432c   0x0800432c   0x0000002e   Code   RO         2786    i.__ARM_clz         mf_p.l(depilogue.o)
    0x0800435a   0x0800435a   0x0000001c   Code   RO          369    i.__ARM_common_switch8  main.o
    0x08004376   0x08004376   0x0000000e   Code   RO         2806    i.__scatterload_copy  mc_p.l(handlers.o)
    0x08004384   0x08004384   0x00000002   Code   RO         2807    i.__scatterload_null  mc_p.l(handlers.o)
    0x08004386   0x08004386   0x0000000e   Code   RO         2808    i.__scatterload_zeroinit  mc_p.l(handlers.o)
    0x08004394   0x08004394   0x00000304   Code   RO         2659    i._printf_core      mc_p.l(printf6.o)
    0x08004698   0x08004698   0x00000020   Code   RO         2660    i._printf_post_padding  mc_p.l(printf6.o)
    0x080046b8   0x080046b8   0x0000002c   Code   RO         2661    i._printf_pre_padding  mc_p.l(printf6.o)
    0x080046e4   0x080046e4   0x0000000a   Code   RO         2663    i._sputc            mc_p.l(printf6.o)
    0x080046ee   0x080046ee   0x00000018   Code   RO          522    i.bcd2bin           pcf8563.o
    0x08004706   0x08004706   0x00000026   Code   RO          523    i.bin2bcd           pcf8563.o
    0x0800472c   0x0800472c   0x000000d4   Code   RO          196    i.main              main.o
    0x08004800   0x08004800   0x00000018   Data   RO         2461    .constdata          system_stm32f0xx.o
    0x08004818   0x08004818   0x00000020   Data   RO         2804    Region$$Table       anon$$obj.o


    Execution Region RW_IRAM1 (Exec base: 0x20000000, Load base: 0x08004838, Size: 0x00000690, Max: 0x00001000, ABSOLUTE)

    Exec Addr    Load Addr    Size         Type   Attr      Idx    E Section Name        Object

    0x20000000   0x08004838   0x00000049   Data   RW          198    .data               main.o
    0x20000049   0x08004881   0x00000001   PAD
    0x2000004a   0x08004882   0x00000009   Data   RW          483    .data               stm32r_signalmainswitch.o
    0x20000053   0x0800488b   0x00000001   PAD
    0x20000054   0x0800488c   0x00000004   Data   RW          981    .data               stm32f0xx_hal.o
    0x20000058   0x08004890   0x00000004   Data   RW         2462    .data               system_stm32f0xx.o
    0x2000005c        -       0x000001e7   Zero   RW          197    .bss                main.o
    0x20000243   0x08004894   0x00000001   PAD
    0x20000244        -       0x00000048   Zero   RW          524    .bss                pcf8563.o
    0x2000028c   0x08004894   0x00000004   PAD
    0x20000290        -       0x00000400   Zero   RW            1    STACK               startup_stm32f030x6.o


==============================================================================

Image component sizes


      Code (inc. data)   RO Data    RW Data    ZI Data      Debug   Object Name

        74          0          0          0          0       1397   lpf.o
      2698        548          0         73        487      21528   main.o
       894         86          0          0         72       5985   pcf8563.o
        28          8        176          0       1024        620   startup_stm32f030x6.o
       130         14          0          4          0       3555   stm32f0xx_hal.o
      2122         56          0          0          0      10624   stm32f0xx_hal_adc.o
       262         30          0          0          0       9992   stm32f0xx_hal_cortex.o
       712         10          0          0          0       5090   stm32f0xx_hal_dma.o
       560         32          0          0          0       3911   stm32f0xx_hal_gpio.o
      3654         56          0          0          0      21522   stm32f0xx_hal_i2c.o
       224          0          0          0          0       1871   stm32f0xx_hal_i2c_ex.o
       444         76          0          0          0     248860   stm32f0xx_hal_msp.o
      2004        100          0          0          0       4857   stm32f0xx_hal_rcc.o
       336         14          0          0          0       1368   stm32f0xx_hal_rcc_ex.o
      1960         26          0          0          0      10811   stm32f0xx_hal_uart.o
       136         24          0          0          0       4688   stm32f0xx_it.o
       232         40          0          9          0       2929   stm32r_signalmainswitch.o
       116         12         24          4          0       1111   system_stm32f0xx.o

    ----------------------------------------------------------------------
     16614       1132        232         92       1588     360719   Object Totals
         0          0         32          0          0          0   (incl. Generated)
        28          0          0          2          5          0   (incl. Padding)

    ----------------------------------------------------------------------

      Code (inc. data)   RO Data    RW Data    ZI Data      Debug   Library Member Name

         0          0          0          0          0          0   entry.o
         0          0          0          0          0          0   entry10a.o
         0          0          0          0          0          0   entry11a.o
         8          4          0          0          0          0   entry2.o
         4          0          0          0          0          0   entry5.o
         0          0          0          0          0          0   entry7b.o
         0          0          0          0          0          0   entry8b.o
         8          4          0          0          0          0   entry9a.o
        30          0          0          0          0          0   handlers.o
        36          8          0          0          0         68   init.o
         0          0          0          0          0          0   iusefp.o
        32          0          0          0          0         68   llshl.o
        34          0          0          0          0         68   llushr.o
       898          8          0          0          0        384   printf6.o
        44          0          0          0          0         72   uidiv.o
       236          0          0          0          0        216   depilogue.o
        60         10          0          0          0         68   dfixui.o
        40          6          0          0          0         68   dflti.o
       208          6          0          0          0         88   dmul.o

    ----------------------------------------------------------------------
      1642         46          0          0          0       1100   Library Totals
         4          0          0          0          0          0   (incl. Padding)

    ----------------------------------------------------------------------

      Code (inc. data)   RO Data    RW Data    ZI Data      Debug   Library Name

      1094         24          0          0          0        660   mc_p.l
       544         22          0          0          0        440   mf_p.l

    ----------------------------------------------------------------------
      1642         46          0          0          0       1100   Library Totals

    ----------------------------------------------------------------------

==============================================================================


      Code (inc. data)   RO Data    RW Data    ZI Data      Debug   

     18256       1178        232         92       1588     355019   Grand Totals
     18256       1178        232         92       1588     355019   ELF Image Totals
     18256       1178        232         92          0          0   ROM Totals

==============================================================================

    Total RO  Size (Code + RO Data)                18488 (  18.05kB)
    Total RW  Size (RW Data + ZI Data)              1680 (   1.64kB)
    Total ROM Size (Code + RO Data + RW Data)      18580 (  18.14kB)

==============================================================================

